Component: ARM Compiler 5.06 update 6 (build 750) Tool: armlink [4d35ed]

==============================================================================

Section Cross References

    main.o(i.AppTask1) refers to stm32f10x_gpio.o(i.GPIO_ResetBits) for GPIO_ResetBits
    main.o(i.AppTask1) refers to os_time.o(i.OSTimeDlyHMSM) for OSTimeDlyHMSM
    main.o(i.AppTask1) refers to stm32f10x_gpio.o(i.GPIO_SetBits) for GPIO_SetBits
    main.o(i.AppTask2) refers to os_time.o(i.OSTimeDlyHMSM) for OSTimeDlyHMSM
    main.o(i.AppTask2) refers to os_task.o(i.OSTaskDel) for OSTaskDel
    main.o(i.AppTask3) refers to 107_32_driver_io16_ucosii.o(i.LCD_Init) for LCD_Init
    main.o(i.AppTask3) refers to 107_32_driver_io16_ucosii.o(i.LCD_ShowString) for LCD_ShowString
    main.o(i.AppTask3) refers to 107_32_driver_io16_ucosii.o(i.LCD_DrawPicture) for LCD_DrawPicture
    main.o(i.AppTask3) refers to os_time.o(i.OSTimeDlyHMSM) for OSTimeDlyHMSM
    main.o(i.AppTask3) refers to 107_32_driver_io16_ucosii.o(i.LCD_Clear) for LCD_Clear
    main.o(i.AppTask3) refers to app.o(i.Show_temperature) for Show_temperature
    main.o(i.AppTask3) refers to 107_32_driver_io16_ucosii.o(.constdata) for gImage_fg
    main.o(i.AppTaskCreate) refers to os_task.o(i.OSTaskCreateExt) for OSTaskCreateExt
    main.o(i.AppTaskCreate) refers to os_task.o(i.OSTaskNameSet) for OSTaskNameSet
    main.o(i.AppTaskCreate) refers to main.o(.bss) for .bss
    main.o(i.AppTaskCreate) refers to main.o(i.AppTask1) for AppTask1
    main.o(i.AppTaskCreate) refers to main.o(i.AppTask2) for AppTask2
    main.o(i.AppTaskCreate) refers to main.o(i.AppTask3) for AppTask3
    main.o(i.main) refers to hw_config.o(i.SysTick_Configuration) for SysTick_Configuration
    main.o(i.main) refers to hw_config.o(i.USART_Configuration) for USART_Configuration
    main.o(i.main) refers to hw_config.o(i.LED_Configuration) for LED_Configuration
    main.o(i.main) refers to hw_config.o(i.ADC_Configuration) for ADC_Configuration
    main.o(i.main) refers to os_core.o(i.OSInit) for OSInit
    main.o(i.main) refers to main.o(i.AppTaskCreate) for AppTaskCreate
    main.o(i.main) refers to os_core.o(i.OSStart) for OSStart
    hw_config.o(i.ADC_Configuration) refers to stm32f10x_rcc.o(i.RCC_APB2PeriphClockCmd) for RCC_APB2PeriphClockCmd
    hw_config.o(i.ADC_Configuration) refers to stm32f10x_adc.o(i.ADC_Init) for ADC_Init
    hw_config.o(i.ADC_Configuration) refers to stm32f10x_adc.o(i.ADC_Cmd) for ADC_Cmd
    hw_config.o(i.ADC_Configuration) refers to stm32f10x_adc.o(i.ADC_RegularChannelConfig) for ADC_RegularChannelConfig
    hw_config.o(i.ADC_Configuration) refers to stm32f10x_adc.o(i.ADC_TempSensorVrefintCmd) for ADC_TempSensorVrefintCmd
    hw_config.o(i.ADC_Configuration) refers to stm32f10x_adc.o(i.ADC_ResetCalibration) for ADC_ResetCalibration
    hw_config.o(i.ADC_Configuration) refers to stm32f10x_adc.o(i.ADC_GetResetCalibrationStatus) for ADC_GetResetCalibrationStatus
    hw_config.o(i.ADC_Configuration) refers to stm32f10x_adc.o(i.ADC_StartCalibration) for ADC_StartCalibration
    hw_config.o(i.ADC_Configuration) refers to stm32f10x_adc.o(i.ADC_GetCalibrationStatus) for ADC_GetCalibrationStatus
    hw_config.o(i.ADC_Configuration) refers to stm32f10x_adc.o(i.ADC_SoftwareStartConvCmd) for ADC_SoftwareStartConvCmd
    hw_config.o(i.LED_Configuration) refers to stm32f10x_rcc.o(i.RCC_APB2PeriphClockCmd) for RCC_APB2PeriphClockCmd
    hw_config.o(i.LED_Configuration) refers to stm32f10x_gpio.o(i.GPIO_Init) for GPIO_Init
    hw_config.o(i.LED_Configuration) refers to stm32f10x_gpio.o(i.GPIO_ResetBits) for GPIO_ResetBits
    hw_config.o(i.NVIC_Configuration) refers to misc.o(i.NVIC_PriorityGroupConfig) for NVIC_PriorityGroupConfig
    hw_config.o(i.NVIC_Configuration) refers to misc.o(i.NVIC_Init) for NVIC_Init
    hw_config.o(i.SysTick_Configuration) refers to stm32f10x_rcc.o(i.RCC_GetClocksFreq) for RCC_GetClocksFreq
    hw_config.o(i.SysTick_Configuration) refers to misc.o(i.SysTick_CLKSourceConfig) for SysTick_CLKSourceConfig
    hw_config.o(i.USART_Configuration) refers to stm32f10x_rcc.o(i.RCC_APB2PeriphClockCmd) for RCC_APB2PeriphClockCmd
    hw_config.o(i.USART_Configuration) refers to stm32f10x_gpio.o(i.GPIO_Init) for GPIO_Init
    hw_config.o(i.USART_Configuration) refers to stm32f10x_usart.o(i.USART_Init) for USART_Init
    hw_config.o(i.USART_Configuration) refers to stm32f10x_usart.o(i.USART_Cmd) for USART_Cmd
    hw_config.o(i.fputc) refers to stm32f10x_usart.o(i.USART_SendData) for USART_SendData
    hw_config.o(i.fputc) refers to stm32f10x_usart.o(i.USART_GetFlagStatus) for USART_GetFlagStatus
    stm32f10x_it.o(i.SysTick_Handler) refers to os_cpu_a.o(.text) for OS_CPU_SR_Save
    stm32f10x_it.o(i.SysTick_Handler) refers to os_core.o(i.OSTimeTick) for OSTimeTick
    stm32f10x_it.o(i.SysTick_Handler) refers to os_core.o(i.OSIntExit) for OSIntExit
    stm32f10x_it.o(i.SysTick_Handler) refers to os_core.o(.data) for OSIntNesting
[...]
    107_32_driver_io16_ucosii.o(i.findHzIndex) refers to 107_32_driver_io16_ucosii.o(.constdata) for .constdata
    entry.o(.ARM.Collect$$$$00000000) refers (Special) to entry10a.o(.ARM.Collect$$$$0000000D) for __rt_final_cpp
    entry.o(.ARM.Collect$$$$00000000) refers (Special) to entry11a.o(.ARM.Collect$$$$0000000F) for __rt_final_exit
    entry.o(.ARM.Collect$$$$00000000) refers (Special) to entry7b.o(.ARM.Collect$$$$00000008) for _main_clock
    entry.o(.ARM.Collect$$$$00000000) refers (Special) to entry8b.o(.ARM.Collect$$$$0000000A) for _main_cpp_init
    entry.o(.ARM.Collect$$$$00000000) refers (Special) to entry9a.o(.ARM.Collect$$$$0000000B) for _main_init
    entry.o(.ARM.Collect$$$$00000000) refers (Special) to entry5.o(.ARM.Collect$$$$00000004) for _main_scatterload
    entry.o(.ARM.Collect$$$$00000000) refers (Special) to entry2.o(.ARM.Collect$$$$00000001) for _main_stk
    fadd.o(.text) refers (Special) to iusefp.o(.text) for __I$use$fp
    fadd.o(.text) refers to fepilogue.o(.text) for _float_epilogue
    fmul.o(.text) refers (Special) to iusefp.o(.text) for __I$use$fp
    dadd.o(.text) refers (Special) to iusefp.o(.text) for __I$use$fp
    dadd.o(.text) refers to llshl.o(.text) for __aeabi_llsl
    dadd.o(.text) refers to llsshr.o(.text) for __aeabi_lasr
    dadd.o(.text) refers to depilogue.o(.text) for _double_epilogue
    dmul.o(.text) refers (Special) to iusefp.o(.text) for __I$use$fp
    dmul.o(.text) refers to depilogue.o(.text) for _double_epilogue
    ddiv.o(.text) refers (Special) to iusefp.o(.text) for __I$use$fp
    ddiv.o(.text) refers to depilogue.o(.text) for _double_round
    ffltui.o(.text) refers (Special) to iusefp.o(.text) for __I$use$fp
    ffltui.o(.text) refers to fepilogue.o(.text) for _float_epilogue
    dfltui.o(.text) refers (Special) to iusefp.o(.text) for __I$use$fp
    dfltui.o(.text) refers to depilogue.o(.text) for _double_epilogue
    ffixui.o(.text) refers (Special) to iusefp.o(.text) for __I$use$fp
    f2d.o(.text) refers (Special) to iusefp.o(.text) for __I$use$fp
    d2f.o(.text) refers (Special) to iusefp.o(.text) for __I$use$fp
    d2f.o(.text) refers to fepilogue.o(.text) for _float_round
    entry2.o(.ARM.Collect$$$$00000001) refers to entry2.o(.ARM.Collect$$$$00002712) for __lit__00000000
    entry2.o(.ARM.Collect$$$$00002712) refers to startup_stm32f10x_cl.o(STACK) for __initial_sp
    entry2.o(__vectab_stack_and_reset_area) refers to startup_stm32f10x_cl.o(STACK) for __initial_sp
    entry2.o(__vectab_stack_and_reset_area) refers to entry.o(.ARM.Collect$$$$00000000) for __main
    entry5.o(.ARM.Collect$$$$00000004) refers to init.o(.text) for __scatterload
    entry9a.o(.ARM.Collect$$$$0000000B) refers to main.o(i.main) for main
    entry9b.o(.ARM.Collect$$$$0000000C) refers to main.o(i.main) for main
    depilogue.o(.text) refers to llshl.o(.text) for __aeabi_llsl
    depilogue.o(.text) refers to llushr.o(.text) for __aeabi_llsr
    init.o(.text) refers to entry5.o(.ARM.Collect$$$$00000004) for __main_after_scatterload


==============================================================================

Removing Unused input sections from the image.

    Removing hw_config.o(i.NVIC_Configuration), (40 bytes).
    Removing hw_config.o(i.fputc), (36 bytes).
    Removing stm32f10x_flash.o(i.FLASH_ClearFlag), (12 bytes).
    Removing stm32f10x_flash.o(i.FLASH_EnableWriteProtection), (172 bytes).
    Removing stm32f10x_flash.o(i.FLASH_EraseAllBank1Pages), (56 bytes).
    Removing stm32f10x_flash.o(i.FLASH_EraseAllPages), (56 bytes).
    Removing stm32f10x_flash.o(i.FLASH_EraseOptionBytes), (124 bytes).
    Removing stm32f10x_flash.o(i.FLASH_ErasePage), (60 bytes).
    Removing stm32f10x_flash.o(i.FLASH_GetBank1Status), (40 bytes).
    Removing stm32f10x_flash.o(i.FLASH_GetFlagStatus), (32 bytes).
    Removing stm32f10x_flash.o(i.FLASH_GetPrefetchBufferStatus), (20 bytes).
    Removing stm32f10x_flash.o(i.FLASH_GetReadOutProtectionStatus), (20 bytes).
    Removing stm32f10x_flash.o(i.FLASH_GetStatus), (40 bytes).
    Removing stm32f10x_flash.o(i.FLASH_GetUserOptionByte), (12 bytes).
    Removing stm32f10x_flash.o(i.FLASH_GetWriteProtectionOptionByte), (12 bytes).
    Removing stm32f10x_flash.o(i.FLASH_HalfCycleAccessCmd), (24 bytes).
    Removing stm32f10x_flash.o(i.FLASH_ITConfig), (24 bytes).
    Removing stm32f10x_flash.o(i.FLASH_Lock), (16 bytes).
    Removing stm32f10x_flash.o(i.FLASH_LockBank1), (16 bytes).
    Removing stm32f10x_flash.o(i.FLASH_PrefetchBufferCmd), (24 bytes).
    Removing stm32f10x_flash.o(i.FLASH_ProgramHalfWord), (52 bytes).
    Removing stm32f10x_flash.o(i.FLASH_ProgramOptionByteData), (76 bytes).
    Removing stm32f10x_flash.o(i.FLASH_ProgramWord), (80 bytes).
    Removing stm32f10x_flash.o(i.FLASH_ReadOutProtection), (136 bytes).
    Removing stm32f10x_flash.o(i.FLASH_SetLatency), (20 bytes).
    Removing stm32f10x_flash.o(i.FLASH_Unlock), (24 bytes).
    Removing stm32f10x_flash.o(i.FLASH_UnlockBank1), (24 bytes).
    Removing stm32f10x_flash.o(i.FLASH_UserOptionByteConfig), (96 bytes).
    Removing stm32f10x_flash.o(i.FLASH_WaitForLastBank1Operation), (36 bytes).
    Removing stm32f10x_flash.o(i.FLASH_WaitForLastOperation), (36 bytes).
    Removing stm32f10x_gpio.o(i.GPIO_AFIODeInit), (22 bytes).
    Removing stm32f10x_gpio.o(i.GPIO_DeInit), (180 bytes).
    Removing stm32f10x_gpio.o(i.GPIO_ETH_MediaInterfaceConfig), (12 bytes).
    Removing stm32f10x_gpio.o(i.GPIO_EXTILineConfig), (40 bytes).
    Removing stm32f10x_gpio.o(i.GPIO_EventOutputCmd), (12 bytes).
    Removing stm32f10x_gpio.o(i.GPIO_EventOutputConfig), (28 bytes).
    Removing stm32f10x_gpio.o(i.GPIO_PinLockConfig), (16 bytes).
    Removing stm32f10x_gpio.o(i.GPIO_PinRemapConfig), (88 bytes).
    Removing stm32f10x_gpio.o(i.GPIO_ReadInputDataBit), (14 bytes).
    Removing stm32f10x_gpio.o(i.GPIO_ReadOutputData), (6 bytes).
    Removing stm32f10x_gpio.o(i.GPIO_ReadOutputDataBit), (14 bytes).
    Removing stm32f10x_gpio.o(i.GPIO_StructInit), (16 bytes).
    Removing stm32f10x_gpio.o(i.GPIO_WriteBit), (10 bytes).
    Removing stm32f10x_rcc.o(i.RCC_ADCCLKConfig), (20 bytes).
    Removing stm32f10x_rcc.o(i.RCC_AHBPeriphClockCmd), (24 bytes).
    Removing stm32f10x_rcc.o(i.RCC_AHBPeriphResetCmd), (24 bytes).
    Removing stm32f10x_rcc.o(i.RCC_APB1PeriphClockCmd), (24 bytes).
    Removing stm32f10x_rcc.o(i.RCC_APB1PeriphResetCmd), (24 bytes).
    Removing stm32f10x_rcc.o(i.RCC_APB2PeriphResetCmd), (24 bytes).
    Removing stm32f10x_rcc.o(i.RCC_AdjustHSICalibrationValue), (20 bytes).
    Removing stm32f10x_rcc.o(i.RCC_BackupResetCmd), (12 bytes).
    Removing stm32f10x_rcc.o(i.RCC_ClearFlag), (16 bytes).
    Removing stm32f10x_rcc.o(i.RCC_ClearITPendingBit), (12 bytes).
    Removing stm32f10x_rcc.o(i.RCC_ClockSecuritySystemCmd), (12 bytes).
    Removing stm32f10x_rcc.o(i.RCC_DeInit), (76 bytes).
    Removing stm32f10x_rcc.o(i.RCC_GetFlagStatus), (48 bytes).
    Removing stm32f10x_rcc.o(i.RCC_GetITStatus), (20 bytes).
    Removing stm32f10x_rcc.o(i.RCC_GetSYSCLKSource), (16 bytes).
    Removing stm32f10x_rcc.o(i.RCC_HCLKConfig), (20 bytes).
    Removing stm32f10x_rcc.o(i.RCC_HSEConfig), (52 bytes).
    Removing stm32f10x_rcc.o(i.RCC_HSICmd), (12 bytes).
    Removing stm32f10x_rcc.o(i.RCC_I2S2CLKConfig), (12 bytes).
    Removing stm32f10x_rcc.o(i.RCC_I2S3CLKConfig), (12 bytes).
    Removing stm32f10x_rcc.o(i.RCC_ITConfig), (24 bytes).
    Removing stm32f10x_rcc.o(i.RCC_LSEConfig), (32 bytes).
    Removing stm32f10x_rcc.o(i.RCC_LSICmd), (12 bytes).
    Removing stm32f10x_rcc.o(i.RCC_MCOConfig), (12 bytes).
    Removing stm32f10x_rcc.o(i.RCC_OTGFSCLKConfig), (12 bytes).
    Removing stm32f10x_rcc.o(i.RCC_PCLK1Config), (20 bytes).
    Removing stm32f10x_rcc.o(i.RCC_PCLK2Config), (20 bytes).
    Removing stm32f10x_rcc.o(i.RCC_PLL2Cmd), (12 bytes).
    Removing stm32f10x_rcc.o(i.RCC_PLL2Config), (20 bytes).
    Removing stm32f10x_rcc.o(i.RCC_PLL3Cmd), (12 bytes).
    Removing stm32f10x_rcc.o(i.RCC_PLL3Config), (20 bytes).
    Removing stm32f10x_rcc.o(i.RCC_PLLCmd), (12 bytes).
    Removing stm32f10x_rcc.o(i.RCC_PLLConfig), (20 bytes).
    Removing stm32f10x_rcc.o(i.RCC_PREDIV1Config), (28 bytes).
    Removing stm32f10x_rcc.o(i.RCC_PREDIV2Config), (20 bytes).
    Removing stm32f10x_rcc.o(i.RCC_RTCCLKCmd), (12 bytes).
    Removing stm32f10x_rcc.o(i.RCC_RTCCLKConfig), (16 bytes).
    Removing stm32f10x_rcc.o(i.RCC_SYSCLKConfig), (20 bytes).
    Removing stm32f10x_rcc.o(i.RCC_WaitForHSEStartUp), (44 bytes).
    Removing stm32f10x_usart.o(i.USART_ClearFlag), (6 bytes).
    Removing stm32f10x_usart.o(i.USART_ClearITPendingBit), (12 bytes).
    Removing stm32f10x_usart.o(i.USART_ClockInit), (30 bytes).
    Removing stm32f10x_usart.o(i.USART_ClockStructInit), (12 bytes).
    Removing stm32f10x_usart.o(i.USART_DMACmd), (16 bytes).
    Removing stm32f10x_usart.o(i.USART_DeInit), (116 bytes).
    Removing stm32f10x_usart.o(i.USART_GetFlagStatus), (14 bytes).
    Removing stm32f10x_usart.o(i.USART_GetITStatus), (62 bytes).
    Removing stm32f10x_usart.o(i.USART_HalfDuplexCmd), (20 bytes).
    Removing stm32f10x_usart.o(i.USART_ITConfig), (48 bytes).
    Removing stm32f10x_usart.o(i.USART_IrDACmd), (20 bytes).
    Removing stm32f10x_usart.o(i.USART_IrDAConfig), (16 bytes).
    Removing stm32f10x_usart.o(i.USART_LINBreakDetectLengthConfig), (16 bytes).
    Removing stm32f10x_usart.o(i.USART_LINCmd), (20 bytes).
    Removing stm32f10x_usart.o(i.USART_OneBitMethodCmd), (20 bytes).
    Removing stm32f10x_usart.o(i.USART_OverSampling8Cmd), (20 bytes).
    Removing stm32f10x_usart.o(i.USART_ReceiveData), (8 bytes).
    Removing stm32f10x_usart.o(i.USART_ReceiverWakeUpCmd), (20 bytes).
    Removing stm32f10x_usart.o(i.USART_SendBreak), (10 bytes).
    Removing stm32f10x_usart.o(i.USART_SendData), (8 bytes).
    Removing stm32f10x_usart.o(i.USART_SetAddress), (16 bytes).
    Removing stm32f10x_usart.o(i.USART_SetGuardTime), (16 bytes).
    Removing stm32f10x_usart.o(i.USART_SetPrescaler), (16 bytes).
    Removing stm32f10x_usart.o(i.USART_SmartCardCmd), (20 bytes).
    Removing stm32f10x_usart.o(i.USART_SmartCardNACKCmd), (20 bytes).
    Removing stm32f10x_usart.o(i.USART_StructInit), (22 bytes).
    Removing stm32f10x_usart.o(i.USART_WakeUpConfig), (16 bytes).
    Removing misc.o(i.NVIC_Init), (100 bytes).
    Removing misc.o(i.NVIC_PriorityGroupConfig), (20 bytes).
    Removing misc.o(i.NVIC_SetVectorTable), (20 bytes).
    Removing misc.o(i.NVIC_SystemLPConfig), (24 bytes).
    Removing stm32f10x_adc.o(i.ADC_AnalogWatchdogCmd), (16 bytes).
    Removing stm32f10x_adc.o(i.ADC_AnalogWatchdogSingleChannelConfig), (12 bytes).
    Removing stm32f10x_adc.o(i.ADC_AnalogWatchdogThresholdsConfig), (6 bytes).
    Removing stm32f10x_adc.o(i.ADC_AutoInjectedConvCmd), (20 bytes).
    Removing stm32f10x_adc.o(i.ADC_ClearFlag), (6 bytes).
    Removing stm32f10x_adc.o(i.ADC_ClearITPendingBit), (8 bytes).
    Removing stm32f10x_adc.o(i.ADC_DMACmd), (20 bytes).
    Removing stm32f10x_adc.o(i.ADC_DeInit), (68 bytes).
    Removing stm32f10x_adc.o(i.ADC_DiscModeChannelCountConfig), (16 bytes).
    Removing stm32f10x_adc.o(i.ADC_DiscModeCmd), (20 bytes).
    Removing stm32f10x_adc.o(i.ADC_ExternalTrigConvCmd), (20 bytes).
    Removing stm32f10x_adc.o(i.ADC_ExternalTrigInjectedConvCmd), (20 bytes).
    Removing stm32f10x_adc.o(i.ADC_ExternalTrigInjectedConvConfig), (12 bytes).
    Removing stm32f10x_adc.o(i.ADC_GetDualModeConversionValue), (12 bytes).
    Removing stm32f10x_adc.o(i.ADC_GetFlagStatus), (14 bytes).
    Removing stm32f10x_adc.o(i.ADC_GetITStatus), (28 bytes).
    Removing stm32f10x_adc.o(i.ADC_GetInjectedConversionValue), (14 bytes).
    Removing stm32f10x_adc.o(i.ADC_GetSoftwareStartConvStatus), (14 bytes).
    Removing stm32f10x_adc.o(i.ADC_GetSoftwareStartInjectedConvCmdStatus), (14 bytes).
    Removing stm32f10x_adc.o(i.ADC_ITConfig), (18 bytes).
    Removing stm32f10x_adc.o(i.ADC_InjectedChannelConfig), (74 bytes).
    Removing stm32f10x_adc.o(i.ADC_InjectedDiscModeCmd), (20 bytes).
    Removing stm32f10x_adc.o(i.ADC_InjectedSequencerLengthConfig), (16 bytes).
    Removing stm32f10x_adc.o(i.ADC_SetInjectedOffset), (10 bytes).
    Removing stm32f10x_adc.o(i.ADC_SoftwareStartInjectedConvCmd), (20 bytes).
    Removing stm32f10x_adc.o(i.ADC_StructInit), (18 bytes).
    Removing core_cm3.o(.emb_text), (32 bytes).
    Removing system_stm32f10x.o(i.SystemCoreClockUpdate), (160 bytes).
    Removing system_stm32f10x.o(.data), (20 bytes).
    Removing startup_stm32f10x_cl.o(HEAP), (512 bytes).
    Removing os_core.o(i.OSEventNameGet), (100 bytes).
    Removing os_core.o(i.OSIntEnter), (24 bytes).
    Removing os_core.o(i.OSSchedLock), (44 bytes).
    Removing os_core.o(i.OSSchedUnlock), (60 bytes).
    Removing os_core.o(i.OSStatInit), (52 bytes).
    Removing os_core.o(i.OSVersion), (6 bytes).
    Removing os_core.o(i.OS_MemCopy), (22 bytes).
    Removing os_flag.o(i.OSFlagAccept), (166 bytes).
    Removing os_flag.o(i.OSFlagCreate), (80 bytes).
    Removing os_flag.o(i.OSFlagDel), (204 bytes).
    Removing os_flag.o(i.OSFlagNameGet), (96 bytes).
    Removing os_flag.o(i.OSFlagNameSet), (108 bytes).
    Removing os_flag.o(i.OSFlagPend), (368 bytes).
    Removing os_flag.o(i.OSFlagPendGetFlagsRdy), (24 bytes).
    Removing os_flag.o(i.OSFlagPost), (190 bytes).
    Removing os_flag.o(i.OSFlagQuery), (46 bytes).
    Removing os_flag.o(i.OS_FlagBlock), (100 bytes).
    Removing os_flag.o(i.OS_FlagTaskRdy), (80 bytes).
    Removing os_mbox.o(i.OSMboxAccept), (34 bytes).
    Removing os_mbox.o(i.OSMboxCreate), (72 bytes).
    Removing os_mbox.o(i.OSMboxDel), (220 bytes).
    Removing os_mbox.o(i.OSMboxPend), (212 bytes).
    Removing os_mbox.o(i.OSMboxPendAbort), (118 bytes).
    Removing os_mbox.o(i.OSMboxPost), (88 bytes).
    Removing os_mbox.o(i.OSMboxPostOpt), (122 bytes).
    Removing os_mbox.o(i.OSMboxQuery), (78 bytes).
    Removing os_mem.o(i.OSMemCreate), (128 bytes).
    Removing os_mem.o(i.OSMemGet), (64 bytes).
    Removing os_mem.o(i.OSMemNameGet), (76 bytes).
    Removing os_mem.o(i.OSMemNameSet), (92 bytes).
    Removing os_mem.o(i.OSMemPut), (58 bytes).
    Removing os_mem.o(i.OSMemQuery), (58 bytes).
    Removing os_mutex.o(i.OSMutexAccept), (132 bytes).
    Removing os_mutex.o(i.OSMutexCreate), (152 bytes).
    Removing os_mutex.o(i.OSMutexDel), (268 bytes).
    Removing os_mutex.o(i.OSMutexPend), (476 bytes).
    Removing os_mutex.o(i.OSMutexPost), (180 bytes).
    Removing os_mutex.o(i.OSMutexQuery), (108 bytes).
    Removing os_mutex.o(i.OSMutex_RdyAtPrio), (100 bytes).
    Removing os_q.o(i.OSQAccept), (86 bytes).
    Removing os_q.o(i.OSQCreate), (136 bytes).
    Removing os_q.o(i.OSQDel), (252 bytes).
    Removing os_q.o(i.OSQFlush), (48 bytes).
    Removing os_q.o(i.OSQPend), (228 bytes).
    Removing os_q.o(i.OSQPendAbort), (118 bytes).
    Removing os_q.o(i.OSQPost), (112 bytes).
    Removing os_q.o(i.OSQPostFront), (110 bytes).
    Removing os_q.o(i.OSQPostOpt), (170 bytes).
    Removing os_q.o(i.OSQQuery), (94 bytes).
    Removing os_sem.o(i.OSSemAccept), (36 bytes).
    Removing os_sem.o(i.OSSemDel), (220 bytes).
    Removing os_sem.o(i.OSSemPendAbort), (118 bytes).
    Removing os_sem.o(i.OSSemQuery), (78 bytes).
    Removing os_sem.o(i.OSSemSet), (60 bytes).
    Removing os_task.o(i.OSTaskChangePrio), (300 bytes).
    Removing os_task.o(i.OSTaskCreate), (144 bytes).
    Removing os_task.o(i.OSTaskDelReq), (104 bytes).
    Removing os_task.o(i.OSTaskNameGet), (124 bytes).
    Removing os_task.o(i.OSTaskQuery), (104 bytes).
    Removing os_task.o(i.OSTaskResume), (156 bytes).
    Removing os_time.o(i.OSTimeDlyResume), (156 bytes).
    Removing os_time.o(i.OSTimeGet), (24 bytes).
    Removing os_time.o(i.OSTimeSet), (24 bytes).
    Removing os_tmr.o(i.OSTmrCreate), (204 bytes).
    Removing os_tmr.o(i.OSTmrDel), (108 bytes).
    Removing os_tmr.o(i.OSTmrNameGet), (116 bytes).
    Removing os_tmr.o(i.OSTmrRemainGet), (144 bytes).
    Removing os_tmr.o(i.OSTmrStart), (108 bytes).
    Removing os_tmr.o(i.OSTmrStateGet), (84 bytes).
    Removing os_tmr.o(i.OSTmrStop), (160 bytes).
    Removing os_tmr.o(i.OSTmr_Free), (68 bytes).
    Removing cpu_a.o(.text), (22 bytes).
    Removing 107_32_driver_io16_ucosii.o(i.LCD_DrawPoint), (24 bytes).
    Removing 107_32_driver_io16_ucosii.o(i.LCD_RGBtoBGR), (18 bytes).
    Removing 107_32_driver_io16_ucosii.o(i.LCD_WriteRAM), (4 bytes).
    Removing 107_32_driver_io16_ucosii.o(i.LCD_WriteRAM_Prepare), (6 bytes).

219 unused section(s) (total 13420 bytes) removed from the image.

==============================================================================

Image Symbol Table

    Local Symbols

    Symbol Name                              Value     Ov Type        Size  Object(Section)

    ../clib/microlib/init/entry.s            0x00000000   Number         0  entry9a.o ABSOLUTE
    ../clib/microlib/init/entry.s            0x00000000   Number         0  entry8b.o ABSOLUTE
    ../clib/microlib/init/entry.s            0x00000000   Number         0  entry7a.o ABSOLUTE
    ../clib/microlib/init/entry.s            0x00000000   Number         0  entry7b.o ABSOLUTE
    ../clib/microlib/init/entry.s            0x00000000   Number         0  entry.o ABSOLUTE
    ../clib/microlib/init/entry.s            0x00000000   Number         0  entry11b.o ABSOLUTE
    ../clib/microlib/init/entry.s            0x00000000   Number         0  entry8a.o ABSOLUTE
    ../clib/microlib/init/entry.s            0x00000000   Number         0  entry11a.o ABSOLUTE
    ../clib/microlib/init/entry.s            0x00000000   Number         0  entry10b.o ABSOLUTE
    ../clib/microlib/init/entry.s            0x00000000   Number         0  entry10a.o ABSOLUTE
    ../clib/microlib/init/entry.s            0x00000000   Number         0  entry9b.o ABSOLUTE
    ../clib/microlib/init/entry.s            0x00000000   Number         0  entry2.o ABSOLUTE
    ../clib/microlib/init/entry.s            0x00000000   Number         0  entry5.o ABSOLUTE
    ../clib/microlib/longlong.c              0x00000000   Number         0  llsshr.o ABSOLUTE
    ../clib/microlib/longlong.c              0x00000000   Number         0  llshl.o ABSOLUTE
    ../clib/microlib/longlong.c              0x00000000   Number         0  llushr.o ABSOLUTE
    ../clib/microlib/stubs.s                 0x00000000   Number         0  iusefp.o ABSOLUTE
    ../fplib/microlib/d2f.c                  0x00000000   Number         0  d2f.o ABSOLUTE
    ../fplib/microlib/f2d.c                  0x00000000   Number         0  f2d.o ABSOLUTE
    ../fplib/microlib/fpadd.c                0x00000000   Number         0  fadd.o ABSOLUTE
    ../fplib/microlib/fpadd.c                0x00000000   Number         0  dadd.o ABSOLUTE
    ../fplib/microlib/fpdiv.c                0x00000000   Number         0  ddiv.o ABSOLUTE
    ../fplib/microlib/fpepilogue.c           0x00000000   Number         0  fepilogue.o ABSOLUTE
    ../fplib/microlib/fpepilogue.c           0x00000000   Number         0  depilogue.o ABSOLUTE
    ../fplib/microlib/fpfix.c                0x00000000   Number         0  ffixui.o ABSOLUTE
    ../fplib/microlib/fpflt.c                0x00000000   Number         0  dfltui.o ABSOLUTE
    ../fplib/microlib/fpflt.c                0x00000000   Number         0  ffltui.o ABSOLUTE
    ../fplib/microlib/fpmul.c                0x00000000   Number         0  fmul.o ABSOLUTE
    ../fplib/microlib/fpmul.c                0x00000000   Number         0  dmul.o ABSOLUTE
    ..\Libraries\CMSIS\CoreSupport\core_cm3.c 0x00000000   Number         0  core_cm3.o ABSOLUTE
    ..\Libraries\CMSIS\DeviceSupport\Startup\startup_stm32f10x_cl.s 0x00000000   Number         0  startup_stm32f10x_cl.o ABSOLUTE
    ..\Libraries\CMSIS\DeviceSupport\system_stm32f10x.c 0x00000000   Number         0  system_stm32f10x.o ABSOLUTE
    ..\Libraries\STM32F10x_StdPeriph_Driver_v3.5\src\misc.c 0x00000000   Number         0  misc.o ABSOLUTE
    ..\Libraries\STM32F10x_StdPeriph_Driver_v3.5\src\stm32f10x_adc.c 0x00000000   Number         0  stm32f10x_adc.o ABSOLUTE
    ..\Libraries\STM32F10x_StdPeriph_Driver_v3.5\src\stm32f10x_flash.c 0x00000000   Number         0  stm32f10x_flash.o ABSOLUTE
    ..\Libraries\STM32F10x_StdPeriph_Driver_v3.5\src\stm32f10x_gpio.c 0x00000000   Number         0  stm32f10x_gpio.o ABSOLUTE
    ..\Libraries\STM32F10x_StdPeriph_Driver_v3.5\src\stm32f10x_rcc.c 0x00000000   Number         0  stm32f10x_rcc.o ABSOLUTE
    ..\Libraries\STM32F10x_StdPeriph_Driver_v3.5\src\stm32f10x_usart.c 0x00000000   Number         0  stm32f10x_usart.o ABSOLUTE
    ..\UCOSII\port\os_cpu_a.asm              0x00000000   Number         0  os_cpu_a.o ABSOLUTE
    ..\UCOSII\port\os_cpu_c.c                0x00000000   Number         0  os_cpu_c.o ABSOLUTE
    ..\UCOSII\port\os_dbg.c                  0x00000000   Number         0  os_dbg.o ABSOLUTE
    ..\UCOSII\src\os_core.c                  0x00000000   Number         0  os_core.o ABSOLUTE
    ..\UCOSII\src\os_flag.c                  0x00000000   Number         0  os_flag.o ABSOLUTE
    ..\UCOSII\src\os_mbox.c                  0x00000000   Number         0  os_mbox.o ABSOLUTE
    ..\UCOSII\src\os_mem.c                   0x00000000   Number         0  os_mem.o ABSOLUTE
    ..\UCOSII\src\os_mutex.c                 0x00000000   Number         0  os_mutex.o ABSOLUTE
    ..\UCOSII\src\os_q.c                     0x00000000   Number         0  os_q.o ABSOLUTE
    ..\UCOSII\src\os_sem.c                   0x00000000   Number         0  os_sem.o ABSOLUTE
    ..\UCOSII\src\os_task.c                  0x00000000   Number         0  os_task.o ABSOLUTE
    ..\UCOSII\src\os_time.c                  0x00000000   Number         0  os_time.o ABSOLUTE
    ..\UCOSII\src\os_tmr.c                   0x00000000   Number         0  os_tmr.o ABSOLUTE
    ..\UCOSII\uC-CPU\cpu_a.asm               0x00000000   Number         0  cpu_a.o ABSOLUTE
    ..\User\LCD\107_32_Driver_IO16_uCOSII.c  0x00000000   Number         0  107_32_driver_io16_ucosii.o ABSOLUTE
    ..\User\app.c                            0x00000000   Number         0  app.o ABSOLUTE
    ..\User\hw_config.c                      0x00000000   Number         0  hw_config.o ABSOLUTE
    ..\User\main.c                           0x00000000   Number         0  main.o ABSOLUTE
    ..\User\stm32f10x_it.c                   0x00000000   Number         0  stm32f10x_it.o ABSOLUTE
    ..\\Libraries\\CMSIS\\CoreSupport\\core_cm3.c 0x00000000   Number         0  core_cm3.o ABSOLUTE
    dc.s                                     0x00000000   Number         0  dc.o ABSOLUTE
    handlers.s                               0x00000000   Number         0  handlers.o ABSOLUTE
    init.s                                   0x00000000   Number         0  init.o ABSOLUTE
    RESET                                    0x08000000   Section      336  startup_stm32f10x_cl.o(RESET)
    .ARM.Collect$$$$00000000                 0x08000150   Section        0  entry.o(.ARM.Collect$$$$00000000)
    .ARM.Collect$$$$00000001                 0x08000150   Section        4  entry2.o(.ARM.Collect$$$$00000001)
    .ARM.Collect$$$$00000004                 0x08000154   Section        4  entry5.o(.ARM.Collect$$$$00000004)
    .ARM.Collect$$$$00000008                 0x08000158   Section        0  entry7b.o(.ARM.Collect$$$$00000008)
    .ARM.Collect$$$$0000000A                 0x08000158   Section        0  entry8b.o(.ARM.Collect$$$$0000000A)
    .ARM.Collect$$$$0000000B                 0x08000158   Section        8  entry9a.o(.ARM.Collect$$$$0000000B)
    .ARM.Collect$$$$0000000D                 0x08000160   Section        0  entry10a.o(.ARM.Collect$$$$0000000D)
    .ARM.Collect$$$$0000000F                 0x08000160   Section        0  entry11a.o(.ARM.Collect$$$$0000000F)
    .ARM.Collect$$$$00002712                 0x08000160   Section        4  entry2.o(.ARM.Collect$$$$00002712)
    __lit__00000000                          0x08000160   Data           4  entry2.o(.ARM.Collect$$$$00002712)
    .text                                    0x08000164   Section       36  startup_stm32f10x_cl.o(.text)
    .text                                    0x08000188   Section      164  os_cpu_a.o(.text)
    .text                                    0x0800022c   Section        0  fadd.o(.text)
    .text                                    0x080002dc   Section        0  fmul.o(.text)
    .text                                    0x08000340   Section        0  dadd.o(.text)
    .text                                    0x0800048e   Section        0  dmul.o(.text)
    .text                                    0x08000572   Section        0  ddiv.o(.text)
    .text                                    0x08000650   Section        0  ffltui.o(.text)
    .text                                    0x0800065a   Section        0  dfltui.o(.text)
    .text                                    0x08000674   Section        0  ffixui.o(.text)
    .text                                    0x0800069c   Section        0  f2d.o(.text)
    .text                                    0x080006c2   Section        0  d2f.o(.text)
    .text                                    0x080006fa   Section        0  llshl.o(.text)
    .text                                    0x08000718   Section        0  llsshr.o(.text)
    .text                                    0x0800073c   Section        0  iusefp.o(.text)
    .text                                    0x0800073c   Section        0  fepilogue.o(.text)
    .text                                    0x080007aa   Section        0  depilogue.o(.text)
    .text                                    0x08000864   Section       36  init.o(.text)
    .text                                    0x08000888   Section        0  llushr.o(.text)
    i.ADC_Cmd                                0x080008a8   Section        0  stm32f10x_adc.o(i.ADC_Cmd)
    i.ADC_Configuration                      0x080008bc   Section        0  hw_config.o(i.ADC_Configuration)
    i.ADC_GetCalibrationStatus               0x08000938   Section        0  stm32f10x_adc.o(i.ADC_GetCalibrationStatus)
    i.ADC_GetConversionValue                 0x08000946   Section        0  stm32f10x_adc.o(i.ADC_GetConversionValue)
    i.ADC_GetResetCalibrationStatus          0x0800094c   Section        0  stm32f10x_adc.o(i.ADC_GetResetCalibrationStatus)
    i.ADC_Init                               0x0800095c   Section        0  stm32f10x_adc.o(i.ADC_Init)
    i.ADC_RegularChannelConfig               0x080009a4   Section        0  stm32f10x_adc.o(i.ADC_RegularChannelConfig)
    i.ADC_ResetCalibration                   0x08000a18   Section        0  stm32f10x_adc.o(i.ADC_ResetCalibration)
    i.ADC_SoftwareStartConvCmd               0x08000a22   Section        0  stm32f10x_adc.o(i.ADC_SoftwareStartConvCmd)
    i.ADC_StartCalibration                   0x08000a36   Section        0  stm32f10x_adc.o(i.ADC_StartCalibration)
    i.ADC_TempSensorVrefintCmd               0x08000a40   Section        0  stm32f10x_adc.o(i.ADC_TempSensorVrefintCmd)
    i.AppTask1                               0x08000a5c   Section        0  main.o(i.AppTask1)
    AppTask1                                 0x08000a5d   Thumb Code    44  main.o(i.AppTask1)
    i.AppTask2                               0x08000a8c   Section        0  main.o(i.AppTask2)
    AppTask2                                 0x08000a8d   Thumb Code    38  main.o(i.AppTask2)
    i.AppTask3                               0x08000ab4   Section        0  main.o(i.AppTask3)
    AppTask3                                 0x08000ab5   Thumb Code   168  main.o(i.AppTask3)
    i.AppTaskCreate                          0x08000bc8   Section        0  main.o(i.AppTaskCreate)
    AppTaskCreate                            0x08000bc9   Thumb Code   130  main.o(i.AppTaskCreate)
    i.BusFault_Handler                       0x08000c84   Section        0  stm32f10x_it.o(i.BusFault_Handler)
    i.DebugMon_Handler                       0x08000c86   Section        0  stm32f10x_it.o(i.DebugMon_Handler)
    i.GPIO_Init                              0x08000c88   Section        0  stm32f10x_gpio.o(i.GPIO_Init)
    i.GPIO_ReadInputData                     0x08000d2a   Section        0  stm32f10x_gpio.o(i.GPIO_ReadInputData)
    i.GPIO_ResetBits                         0x08000d30   Section        0  stm32f10x_gpio.o(i.GPIO_ResetBits)
    i.GPIO_SetBits                           0x08000d34   Section        0  stm32f10x_gpio.o(i.GPIO_SetBits)
    i.GPIO_Write                             0x08000d38   Section        0  stm32f10x_gpio.o(i.GPIO_Write)
    i.HardFault_Handler                      0x08000d3c   Section        0  stm32f10x_it.o(i.HardFault_Handler)
    i.LCD_Clear                              0x08000d3e   Section        0  107_32_driver_io16_ucosii.o(i.LCD_Clear)
    i.LCD_Configuration                      0x08000d64   Section        0  107_32_driver_io16_ucosii.o(i.LCD_Configuration)
    i.LCD_Delay_10ms                         0x08000db8   Section        0  107_32_driver_io16_ucosii.o(i.LCD_Delay_10ms)
    i.LCD_DrawPicture                        0x08000dd4   Section        0  107_32_driver_io16_ucosii.o(i.LCD_DrawPicture)
    i.LCD_Init                               0x08000e68   Section        0  107_32_driver_io16_ucosii.o(i.LCD_Init)
    i.LCD_ReadReg                            0x08000fd0   Section        0  107_32_driver_io16_ucosii.o(i.LCD_ReadReg)
    i.LCD_SetCursor                          0x08001058   Section        0  107_32_driver_io16_ucosii.o(i.LCD_SetCursor)
    i.LCD_ShowChar                           0x08001070   Section        0  107_32_driver_io16_ucosii.o(i.LCD_ShowChar)
    i.LCD_ShowCharString                     0x0800110c   Section        0  107_32_driver_io16_ucosii.o(i.LCD_ShowCharString)
    i.LCD_ShowHzString                       0x08001150   Section        0  107_32_driver_io16_ucosii.o(i.LCD_ShowHzString)
    i.LCD_ShowNum                            0x080011a0   Section        0  107_32_driver_io16_ucosii.o(i.LCD_ShowNum)
    i.LCD_ShowString                         0x08001212   Section        0  107_32_driver_io16_ucosii.o(i.LCD_ShowString)
    i.LCD_WR_DATA                            0x08001250   Section        0  107_32_driver_io16_ucosii.o(i.LCD_WR_DATA)
    i.LCD_WR_REG                             0x080012a8   Section        0  107_32_driver_io16_ucosii.o(i.LCD_WR_REG)
    i.LCD_WindowMax                          0x08001300   Section        0  107_32_driver_io16_ucosii.o(i.LCD_WindowMax)
    i.LCD_WriteReg                           0x0800132e   Section        0  107_32_driver_io16_ucosii.o(i.LCD_WriteReg)
    i.LED_Configuration                      0x08001340   Section        0  hw_config.o(i.LED_Configuration)
    i.MemManage_Handler                      0x0800138c   Section        0  stm32f10x_it.o(i.MemManage_Handler)
    i.NMI_Handler                            0x0800138e   Section        0  stm32f10x_it.o(i.NMI_Handler)
    i.OSEventNameSet                         0x08001390   Section        0  os_core.o(i.OSEventNameSet)
    i.OSInit                                 0x08001400   Section        0  os_core.o(i.OSInit)
    i.OSInitHookBegin                        0x08001568   Section        0  os_cpu_c.o(i.OSInitHookBegin)
    i.OSInitHookEnd                          0x08001574   Section        0  os_cpu_c.o(i.OSInitHookEnd)
    i.OSIntExit                              0x08001578   Section        0  os_core.o(i.OSIntExit)
    i.OSSemCreate                            0x080015d4   Section        0  os_sem.o(i.OSSemCreate)
    i.OSSemPend                              0x0800161c   Section        0  os_sem.o(i.OSSemPend)
    i.OSSemPost                              0x080016dc   Section        0  os_sem.o(i.OSSemPost)
    i.OSStart                                0x08001734   Section        0  os_core.o(i.OSStart)
    i.OSTCBInitHook                          0x08001764   Section        0  os_cpu_c.o(i.OSTCBInitHook)
    i.OSTaskCreateExt                        0x08001768   Section        0  os_task.o(i.OSTaskCreateExt)
    i.OSTaskCreateHook                       0x0800180c   Section        0  os_cpu_c.o(i.OSTaskCreateHook)
    i.OSTaskDel                              0x08001810   Section        0  os_task.o(i.OSTaskDel)
    i.OSTaskDelHook                          0x0800194c   Section        0  os_cpu_c.o(i.OSTaskDelHook)
    i.OSTaskIdleHook                         0x0800194e   Section        0  os_cpu_c.o(i.OSTaskIdleHook)
    i.OSTaskNameSet                          0x08001950   Section        0  os_task.o(i.OSTaskNameSet)
    i.OSTaskStatHook                         0x080019e0   Section        0  os_cpu_c.o(i.OSTaskStatHook)
    i.OSTaskStkChk                           0x080019e4   Section        0  os_task.o(i.OSTaskStkChk)
    i.OSTaskStkInit                          0x08001a6c   Section        0  os_cpu_c.o(i.OSTaskStkInit)
    i.OSTaskSuspend                          0x08001ae0   Section        0  os_task.o(i.OSTaskSuspend)
    i.OSTaskSwHook                           0x08001b84   Section        0  os_cpu_c.o(i.OSTaskSwHook)
    i.OSTimeDly                              0x08001b88   Section        0  os_time.o(i.OSTimeDly)
    i.OSTimeDlyHMSM                          0x08001be4   Section        0  os_time.o(i.OSTimeDlyHMSM)
    i.OSTimeTick                             0x08001c68   Section        0  os_core.o(i.OSTimeTick)
    i.OSTimeTickHook                         0x08001d0c   Section        0  os_cpu_c.o(i.OSTimeTickHook)
    i.OSTmrSignal                            0x08001d28   Section        0  os_tmr.o(i.OSTmrSignal)
    i.OSTmr_Init                             0x08001d34   Section        0  os_tmr.o(i.OSTmr_Init)
    i.OSTmr_Link                             0x08001e44   Section        0  os_tmr.o(i.OSTmr_Link)
    OSTmr_Link                               0x08001e45   Thumb Code    66  os_tmr.o(i.OSTmr_Link)
    i.OSTmr_Lock                             0x08001e90   Section        0  os_tmr.o(i.OSTmr_Lock)
    OSTmr_Lock                               0x08001e91   Thumb Code    16  os_tmr.o(i.OSTmr_Lock)
    i.OSTmr_Task                             0x08001ea4   Section        0  os_tmr.o(i.OSTmr_Task)
    OSTmr_Task                               0x08001ea5   Thumb Code   106  os_tmr.o(i.OSTmr_Task)
    i.OSTmr_Unlink                           0x08001f1c   Section        0  os_tmr.o(i.OSTmr_Unlink)
    OSTmr_Unlink                             0x08001f1d   Thumb Code    58  os_tmr.o(i.OSTmr_Unlink)
    i.OSTmr_Unlock                           0x08001f5c   Section        0  os_tmr.o(i.OSTmr_Unlock)
    OSTmr_Unlock                             0x08001f5d   Thumb Code     8  os_tmr.o(i.OSTmr_Unlock)
    i.OS_Dummy                               0x08001f68   Section        0  os_core.o(i.OS_Dummy)
    i.OS_EventTaskRdy                        0x08001f6c   Section        0  os_core.o(i.OS_EventTaskRdy)
    i.OS_EventTaskRemove                     0x08001fd0   Section        0  os_core.o(i.OS_EventTaskRemove)
    i.OS_EventTaskWait                       0x08001ff0   Section        0  os_core.o(i.OS_EventTaskWait)
    i.OS_EventWaitListInit                   0x08002038   Section        0  os_core.o(i.OS_EventWaitListInit)
    i.OS_FlagInit                            0x08002050   Section        0  os_flag.o(i.OS_FlagInit)
    i.OS_FlagUnlink                          0x0800209c   Section        0  os_flag.o(i.OS_FlagUnlink)
    i.OS_MemClr                              0x080020bc   Section        0  os_core.o(i.OS_MemClr)
    i.OS_MemInit                             0x080020d0   Section        0  os_mem.o(i.OS_MemInit)
    i.OS_QInit                               0x08002114   Section        0  os_q.o(i.OS_QInit)
    i.OS_Sched                               0x0800214c   Section        0  os_core.o(i.OS_Sched)
    i.OS_SchedNew                            0x08002194   Section        0  os_core.o(i.OS_SchedNew)
    OS_SchedNew                              0x08002195   Thumb Code    24  os_core.o(i.OS_SchedNew)
    i.OS_StrCopy                             0x080021b4   Section        0  os_core.o(i.OS_StrCopy)
    i.OS_StrLen                              0x080021d2   Section        0  os_core.o(i.OS_StrLen)
    i.OS_TCBInit                             0x080021e8   Section        0  os_core.o(i.OS_TCBInit)
    i.OS_TaskIdle                            0x080022c4   Section        0  os_core.o(i.OS_TaskIdle)
    i.OS_TaskStat                            0x080022e0   Section        0  os_core.o(i.OS_TaskStat)
    i.OS_TaskStatStkChk                      0x08002338   Section        0  os_core.o(i.OS_TaskStatStkChk)
    i.OS_TaskStkClr                          0x08002370   Section        0  os_task.o(i.OS_TaskStkClr)
    i.RCC_APB2PeriphClockCmd                 0x08002388   Section        0  stm32f10x_rcc.o(i.RCC_APB2PeriphClockCmd)
    i.RCC_GetClocksFreq                      0x080023a0   Section        0  stm32f10x_rcc.o(i.RCC_GetClocksFreq)
    i.SVC_Handler                            0x08002468   Section        0  stm32f10x_it.o(i.SVC_Handler)
    i.SetSysClockTo72                        0x0800246c   Section        0  system_stm32f10x.o(i.SetSysClockTo72)
    SetSysClockTo72                          0x0800246d   Thumb Code   190  system_stm32f10x.o(i.SetSysClockTo72)
    i.Show_temperature                       0x0800253c   Section        0  app.o(i.Show_temperature)
    i.SysTick_CLKSourceConfig                0x08002638   Section        0  misc.o(i.SysTick_CLKSourceConfig)
    i.SysTick_Configuration                  0x08002650   Section        0  hw_config.o(i.SysTick_Configuration)
    i.SysTick_Handler                        0x08002694   Section        0  stm32f10x_it.o(i.SysTick_Handler)
    i.SystemInit                             0x080026b8   Section        0  system_stm32f10x.o(i.SystemInit)
    i.USART_Cmd                              0x08002714   Section        0  stm32f10x_usart.o(i.USART_Cmd)
    i.USART_Configuration                    0x08002728   Section        0  hw_config.o(i.USART_Configuration)
    i.USART_Init                             0x080027a4   Section        0  stm32f10x_usart.o(i.USART_Init)
    i.UsageFault_Handler                     0x08002850   Section        0  stm32f10x_it.o(i.UsageFault_Handler)
    i.WriteOneHz                             0x08002854   Section        0  107_32_driver_io16_ucosii.o(i.WriteOneHz)
    i.__scatterload_copy                     0x080028d8   Section       14  handlers.o(i.__scatterload_copy)
    i.__scatterload_null                     0x080028e6   Section        2  handlers.o(i.__scatterload_null)
    i.__scatterload_zeroinit                 0x080028e8   Section       14  handlers.o(i.__scatterload_zeroinit)
    i.findHzIndex                            0x080028f8   Section        0  107_32_driver_io16_ucosii.o(i.findHzIndex)
    i.main                                   0x0800292c   Section        0  main.o(i.main)
    i.mypow                                  0x0800294e   Section        0  107_32_driver_io16_ucosii.o(i.mypow)
    .constdata                               0x0800295e   Section      256  os_core.o(.constdata)
    .constdata                               0x08002a5e   Section     4564  107_32_driver_io16_ucosii.o(.constdata)
    .constdata                               0x08003c32   Section    153600  107_32_driver_io16_ucosii.o(.constdata)
    .data                                    0x20000000   Section       20  stm32f10x_rcc.o(.data)
    ADCPrescTable                            0x20000000   Data           4  stm32f10x_rcc.o(.data)
    APBAHBPrescTable                         0x20000004   Data          16  stm32f10x_rcc.o(.data)
    .data                                    0x20000014   Section       60  os_core.o(.data)
    .data                                    0x20000050   Section        4  os_core.o(.data)
    .data                                    0x20000054   Section        4  os_core.o(.data)
    .data                                    0x20000058   Section        4  os_core.o(.data)
    .data                                    0x2000005c   Section        2  os_core.o(.data)
    .data                                    0x2000005e   Section        2  os_core.o(.data)
    .data                                    0x20000060   Section        4  os_core.o(.data)
    .data                                    0x20000064   Section        4  os_core.o(.data)
    .data                                    0x20000068   Section        4  os_core.o(.data)
    .data                                    0x2000006c   Section        4  os_core.o(.data)
    .data                                    0x20000070   Section        2  os_cpu_c.o(.data)
    OSTmrCtr                                 0x20000070   Data           2  os_cpu_c.o(.data)
    .data                                    0x20000072   Section        6  107_32_driver_io16_ucosii.o(.data)
    i                                        0x20000072   Data           2  107_32_driver_io16_ucosii.o(.data)
    j                                        0x20000074   Data           2  107_32_driver_io16_ucosii.o(.data)
    .bss                                     0x20000078   Section     2304  main.o(.bss)
    AppTask1Stk                              0x20000078   Data         128  main.o(.bss)
    AppTask2Stk                              0x200000f8   Data         128  main.o(.bss)
    AppTask3Stk                              0x20000178   Data        2048  main.o(.bss)
    .bss                                     0x20000978   Section     3224  os_core.o(.bss)
    .bss                                     0x20001610   Section      140  os_core.o(.bss)
    .bss                                     0x2000169c   Section      180  os_core.o(.bss)
    .bss                                     0x20001750   Section       96  os_core.o(.bss)
    .bss                                     0x200017b0   Section      832  os_core.o(.bss)
    .bss                                     0x20001af0   Section      512  os_core.o(.bss)
    .bss                                     0x20001cf0   Section       64  os_core.o(.bss)
    STACK                                    0x20001d30   Section     1024  startup_stm32f10x_cl.o(STACK)

    Global Symbols

    Symbol Name                              Value     Ov Type        Size  Object(Section)

    BuildAttributes$$THM_ISAv4$P$D$K$B$S$PE$A:L22UL41UL21$X:L11$S22US41US21$IEEE1$IW$USESV6$~STKCKD$USESV7$~SHL$OTIME$ROPI$EBA8$MICROLIB$REQ8$PRES8$EABIv2 0x00000000   Number         0  anon$$obj.o ABSOLUTE
    __ARM_use_no_argv                        0x00000000   Number         0  main.o ABSOLUTE
    __cpp_initialize__aeabi_                  - Undefined Weak Reference
    __cxa_finalize                            - Undefined Weak Reference
    __decompress                              - Undefined Weak Reference
    _clock_init                               - Undefined Weak Reference
    _microlib_exit                            - Undefined Weak Reference
    __Vectors_Size                           0x00000150   Number         0  startup_stm32f10x_cl.o ABSOLUTE
    __Vectors                                0x08000000   Data           4  startup_stm32f10x_cl.o(RESET)
    __Vectors_End                            0x08000150   Data           0  startup_stm32f10x_cl.o(RESET)
    __main                                   0x08000151   Thumb Code     0  entry.o(.ARM.Collect$$$$00000000)
    _main_stk                                0x08000151   Thumb Code     0  entry2.o(.ARM.Collect$$$$00000001)
    _main_scatterload                        0x08000155   Thumb Code     0  entry5.o(.ARM.Collect$$$$00000004)
    __main_after_scatterload                 0x08000159   Thumb Code     0  entry5.o(.ARM.Collect$$$$00000004)
    _main_clock                              0x08000159   Thumb Code     0  entry7b.o(.ARM.Collect$$$$00000008)
    _main_cpp_init                           0x08000159   Thumb Code     0  entry8b.o(.ARM.Collect$$$$0000000A)
    _main_init                               0x08000159   Thumb Code     0  entry9a.o(.ARM.Collect$$$$0000000B)
    __rt_final_cpp                           0x08000161   Thumb Code     0  entry10a.o(.ARM.Collect$$$$0000000D)
    __rt_final_exit                          0x08000161   Thumb Code     0  entry11a.o(.ARM.Collect$$$$0000000F)
    Reset_Handler                            0x08000165   Thumb Code     8  startup_stm32f10x_cl.o(.text)
    ADC1_2_IRQHandler                        0x0800017f   Thumb Code     0  startup_stm32f10x_cl.o(.text)
    CAN1_RX0_IRQHandler                      0x0800017f   Thumb Code     0  startup_stm32f10x_cl.o(.text)
    CAN1_RX1_IRQHandler                      0x0800017f   Thumb Code     0  startup_stm32f10x_cl.o(.text)
    CAN1_SCE_IRQHandler                      0x0800017f   Thumb Code     0  startup_stm32f10x_cl.o(.text)
    CAN1_TX_IRQHandler                       0x0800017f   Thumb Code     0  startup_stm32f10x_cl.o(.text)
    CAN2_RX0_IRQHandler                      0x0800017f   Thumb Code     0  startup_stm32f10x_cl.o(.text)
    CAN2_RX1_IRQHandler                      0x0800017f   Thumb Code     0  startup_stm32f10x_cl.o(.text)
    CAN2_SCE_IRQHandler                      0x0800017f   Thumb Code     0  startup_stm32f10x_cl.o(.text)
    CAN2_TX_IRQHandler                       0x0800017f   Thumb Code     0  startup_stm32f10x_cl.o(.text)
    DMA1_Channel1_IRQHandler                 0x0800017f   Thumb Code     0  startup_stm32f10x_cl.o(.text)
    DMA1_Channel2_IRQHandler                 0x0800017f   Thumb Code     0  startup_stm32f10x_cl.o(.text)
    DMA1_Channel3_IRQHandler                 0x0800017f   Thumb Code     0  startup_stm32f10x_cl.o(.text)
    DMA1_Channel4_IRQHandler                 0x0800017f   Thumb Code     0  startup_stm32f10x_cl.o(.text)
    DMA1_Channel5_IRQHandler                 0x0800017f   Thumb Code     0  startup_stm32f10x_cl.o(.text)
    DMA1_Channel6_IRQHandler                 0x0800017f   Thumb Code     0  startup_stm32f10x_cl.o(.text)
    DMA1_Channel7_IRQHandler                 0x0800017f   Thumb Code     0  startup_stm32f10x_cl.o(.text)
    DMA2_Channel1_IRQHandler                 0x0800017f   Thumb Code     0  startup_stm32f10x_cl.o(.text)
    DMA2_Channel2_IRQHandler                 0x0800017f   Thumb Code     0  startup_stm32f10x_cl.o(.text)
    DMA2_Channel3_IRQHandler                 0x0800017f   Thumb Code     0  startup_stm32f10x_cl.o(.text)
    DMA2_Channel4_IRQHandler                 0x0800017f   Thumb Code     0  startup_stm32f10x_cl.o(.text)
    DMA2_Channel5_IRQHandler                 0x0800017f   Thumb Code     0  startup_stm32f10x_cl.o(.text)
    ETH_IRQHandler                           0x0800017f   Thumb Code     0  startup_stm32f10x_cl.o(.text)
    ETH_WKUP_IRQHandler                      0x0800017f   Thumb Code     0  startup_stm32f10x_cl.o(.text)
    EXTI0_IRQHandler                         0x0800017f   Thumb Code     0  startup_stm32f10x_cl.o(.text)
    EXTI15_10_IRQHandler                     0x0800017f   Thumb Code     0  startup_stm32f10x_cl.o(.text)
    EXTI1_IRQHandler                         0x0800017f   Thumb Code     0  startup_stm32f10x_cl.o(.text)
    EXTI2_IRQHandler                         0x0800017f   Thumb Code     0  startup_stm32f10x_cl.o(.text)
    EXTI3_IRQHandler                         0x0800017f   Thumb Code     0  startup_stm32f10x_cl.o(.text)
    EXTI4_IRQHandler                         0x0800017f   Thumb Code     0  startup_stm32f10x_cl.o(.text)
    EXTI9_5_IRQHandler                       0x0800017f   Thumb Code     0  startup_stm32f10x_cl.o(.text)
    FLASH_IRQHandler                         0x0800017f   Thumb Code     0  startup_stm32f10x_cl.o(.text)
    I2C1_ER_IRQHandler                       0x0800017f   Thumb Code     0  startup_stm32f10x_cl.o(.text)
    I2C1_EV_IRQHandler                       0x0800017f   Thumb Code     0  startup_stm32f10x_cl.o(.text)
    I2C2_ER_IRQHandler                       0x0800017f   Thumb Code     0  startup_stm32f10x_cl.o(.text)
    I2C2_EV_IRQHandler                       0x0800017f   Thumb Code     0  startup_stm32f10x_cl.o(.text)
    OTG_FS_IRQHandler                        0x0800017f   Thumb Code     0  startup_stm32f10x_cl.o(.text)
    OTG_FS_WKUP_IRQHandler                   0x0800017f   Thumb Code     0  startup_stm32f10x_cl.o(.text)
    PVD_IRQHandler                           0x0800017f   Thumb Code     0  startup_stm32f10x_cl.o(.text)
    RCC_IRQHandler                           0x0800017f   Thumb Code     0  startup_stm32f10x_cl.o(.text)
    RTCAlarm_IRQHandler                      0x0800017f   Thumb Code     0  startup_stm32f10x_cl.o(.text)
    RTC_IRQHandler                           0x0800017f   Thumb Code     0  startup_stm32f10x_cl.o(.text)
    SPI1_IRQHandler                          0x0800017f   Thumb Code     0  startup_stm32f10x_cl.o(.text)
    SPI2_IRQHandler                          0x0800017f   Thumb Code     0  startup_stm32f10x_cl.o(.text)
    SPI3_IRQHandler                          0x0800017f   Thumb Code     0  startup_stm32f10x_cl.o(.text)
    TAMPER_IRQHandler                        0x0800017f   Thumb Code     0  startup_stm32f10x_cl.o(.text)
    TIM1_BRK_IRQHandler                      0x0800017f   Thumb Code     0  startup_stm32f10x_cl.o(.text)
    TIM1_CC_IRQHandler                       0x0800017f   Thumb Code     0  startup_stm32f10x_cl.o(.text)
    TIM1_TRG_COM_IRQHandler                  0x0800017f   Thumb Code     0  startup_stm32f10x_cl.o(.text)
    TIM1_UP_IRQHandler                       0x0800017f   Thumb Code     0  startup_stm32f10x_cl.o(.text)
    TIM2_IRQHandler                          0x0800017f   Thumb Code     0  startup_stm32f10x_cl.o(.text)
    TIM3_IRQHandler                          0x0800017f   Thumb Code     0  startup_stm32f10x_cl.o(.text)
    TIM4_IRQHandler                          0x0800017f   Thumb Code     0  startup_stm32f10x_cl.o(.text)
    TIM5_IRQHandler                          0x0800017f   Thumb Code     0  startup_stm32f10x_cl.o(.text)
    TIM6_IRQHandler                          0x0800017f   Thumb Code     0  startup_stm32f10x_cl.o(.text)
    TIM7_IRQHandler                          0x0800017f   Thumb Code     0  startup_stm32f10x_cl.o(.text)
    UART4_IRQHandler                         0x0800017f   Thumb Code     0  startup_stm32f10x_cl.o(.text)
    UART5_IRQHandler                         0x0800017f   Thumb Code     0  startup_stm32f10x_cl.o(.text)
    USART1_IRQHandler                        0x0800017f   Thumb Code     0  startup_stm32f10x_cl.o(.text)
    USART2_IRQHandler                        0x0800017f   Thumb Code     0  startup_stm32f10x_cl.o(.text)
    USART3_IRQHandler                        0x0800017f   Thumb Code     0  startup_stm32f10x_cl.o(.text)
    WWDG_IRQHandler                          0x0800017f   Thumb Code     0  startup_stm32f10x_cl.o(.text)
    OS_CPU_SR_Save                           0x08000189   Thumb Code     0  os_cpu_a.o(.text)
    OS_CPU_SR_Restore                        0x08000191   Thumb Code     0  os_cpu_a.o(.text)
    OSStartHighRdy                           0x08000197   Thumb Code     0  os_cpu_a.o(.text)
    OSCtxSw                                  0x080001b7   Thumb Code     0  os_cpu_a.o(.text)
    OSIntCtxSw                               0x080001c1   Thumb Code     0  os_cpu_a.o(.text)
    PendSV_Handler                           0x080001cb   Thumb Code     0  os_cpu_a.o(.text)
    __aeabi_fadd                             0x0800022d   Thumb Code   164  fadd.o(.text)
    __aeabi_fsub                             0x080002d1   Thumb Code     6  fadd.o(.text)
    __aeabi_frsub                            0x080002d7   Thumb Code     6  fadd.o(.text)
    __aeabi_fmul                             0x080002dd   Thumb Code   100  fmul.o(.text)
    __aeabi_dadd                             0x08000341   Thumb Code   322  dadd.o(.text)
    __aeabi_dsub                             0x08000483   Thumb Code     6  dadd.o(.text)
    __aeabi_drsub                            0x08000489   Thumb Code     6  dadd.o(.text)
    __aeabi_dmul                             0x0800048f   Thumb Code   228  dmul.o(.text)
    __aeabi_ddiv                             0x08000573   Thumb Code   222  ddiv.o(.text)
    __aeabi_ui2f                             0x08000651   Thumb Code    10  ffltui.o(.text)
    __aeabi_ui2d                             0x0800065b   Thumb Code    26  dfltui.o(.text)
    __aeabi_f2uiz                            0x08000675   Thumb Code    40  ffixui.o(.text)
    __aeabi_f2d                              0x0800069d   Thumb Code    38  f2d.o(.text)
    __aeabi_d2f                              0x080006c3   Thumb Code    56  d2f.o(.text)
    __aeabi_llsl                             0x080006fb   Thumb Code    30  llshl.o(.text)
    _ll_shift_l                              0x080006fb   Thumb Code     0  llshl.o(.text)
    __aeabi_lasr                             0x08000719   Thumb Code    36  llsshr.o(.text)
    _ll_sshift_r                             0x08000719   Thumb Code     0  llsshr.o(.text)
    __I$use$fp                               0x0800073d   Thumb Code     0  iusefp.o(.text)
    _float_round                             0x0800073d   Thumb Code    18  fepilogue.o(.text)
    _float_epilogue                          0x0800074f   Thumb Code    92  fepilogue.o(.text)
    _double_round                            0x080007ab   Thumb Code    30  depilogue.o(.text)
    _double_epilogue                         0x080007c9   Thumb Code   156  depilogue.o(.text)
    __scatterload                            0x08000865   Thumb Code    28  init.o(.text)
    __scatterload_rt2                        0x08000865   Thumb Code     0  init.o(.text)
    __aeabi_llsr                             0x08000889   Thumb Code    32  llushr.o(.text)
    _ll_ushift_r                             0x08000889   Thumb Code     0  llushr.o(.text)
    ADC_Cmd                                  0x080008a9   Thumb Code    20  stm32f10x_adc.o(i.ADC_Cmd)
    ADC_Configuration                        0x080008bd   Thumb Code   118  hw_config.o(i.ADC_Configuration)
    ADC_GetCalibrationStatus                 0x08000939   Thumb Code    14  stm32f10x_adc.o(i.ADC_GetCalibrationStatus)
    ADC_GetConversionValue                   0x08000947   Thumb Code     6  stm32f10x_adc.o(i.ADC_GetConversionValue)
    ADC_GetResetCalibrationStatus            0x0800094d   Thumb Code    14  stm32f10x_adc.o(i.ADC_GetResetCalibrationStatus)
    ADC_Init                                 0x0800095d   Thumb Code    62  stm32f10x_adc.o(i.ADC_Init)
    ADC_RegularChannelConfig                 0x080009a5   Thumb Code   116  stm32f10x_adc.o(i.ADC_RegularChannelConfig)
    ADC_ResetCalibration                     0x08000a19   Thumb Code    10  stm32f10x_adc.o(i.ADC_ResetCalibration)
    ADC_SoftwareStartConvCmd                 0x08000a23   Thumb Code    20  stm32f10x_adc.o(i.ADC_SoftwareStartConvCmd)
    ADC_StartCalibration                     0x08000a37   Thumb Code    10  stm32f10x_adc.o(i.ADC_StartCalibration)
    ADC_TempSensorVrefintCmd                 0x08000a41   Thumb Code    22  stm32f10x_adc.o(i.ADC_TempSensorVrefintCmd)
    BusFault_Handler                         0x08000c85   Thumb Code     2  stm32f10x_it.o(i.BusFault_Handler)
    DebugMon_Handler                         0x08000c87   Thumb Code     2  stm32f10x_it.o(i.DebugMon_Handler)
    GPIO_Init                                0x08000c89   Thumb Code   162  stm32f10x_gpio.o(i.GPIO_Init)
    GPIO_ReadInputData                       0x08000d2b   Thumb Code     6  stm32f10x_gpio.o(i.GPIO_ReadInputData)
    GPIO_ResetBits                           0x08000d31   Thumb Code     4  stm32f10x_gpio.o(i.GPIO_ResetBits)
    GPIO_SetBits                             0x08000d35   Thumb Code     4  stm32f10x_gpio.o(i.GPIO_SetBits)
    GPIO_Write                               0x08000d39   Thumb Code     4  stm32f10x_gpio.o(i.GPIO_Write)
    HardFault_Handler                        0x08000d3d   Thumb Code     2  stm32f10x_it.o(i.HardFault_Handler)
    LCD_Clear                                0x08000d3f   Thumb Code    38  107_32_driver_io16_ucosii.o(i.LCD_Clear)
    LCD_Configuration                        0x08000d65   Thumb Code    70  107_32_driver_io16_ucosii.o(i.LCD_Configuration)
    LCD_Delay_10ms                           0x08000db9   Thumb Code    28  107_32_driver_io16_ucosii.o(i.LCD_Delay_10ms)
    LCD_DrawPicture                          0x08000dd5   Thumb Code   142  107_32_driver_io16_ucosii.o(i.LCD_DrawPicture)
    LCD_Init                                 0x08000e69   Thumb Code   354  107_32_driver_io16_ucosii.o(i.LCD_Init)
    LCD_ReadReg                              0x08000fd1   Thumb Code   124  107_32_driver_io16_ucosii.o(i.LCD_ReadReg)
    LCD_SetCursor                            0x08001059   Thumb Code    24  107_32_driver_io16_ucosii.o(i.LCD_SetCursor)
    LCD_ShowChar                             0x08001071   Thumb Code   150  107_32_driver_io16_ucosii.o(i.LCD_ShowChar)
    LCD_ShowCharString                       0x0800110d   Thumb Code    66  107_32_driver_io16_ucosii.o(i.LCD_ShowCharString)
    LCD_ShowHzString                         0x08001151   Thumb Code    76  107_32_driver_io16_ucosii.o(i.LCD_ShowHzString)
    LCD_ShowNum                              0x080011a1   Thumb Code   114  107_32_driver_io16_ucosii.o(i.LCD_ShowNum)
    LCD_ShowString                           0x08001213   Thumb Code    62  107_32_driver_io16_ucosii.o(i.LCD_ShowString)
    LCD_WR_DATA                              0x08001251   Thumb Code    76  107_32_driver_io16_ucosii.o(i.LCD_WR_DATA)
    LCD_WR_REG                               0x080012a9   Thumb Code    76  107_32_driver_io16_ucosii.o(i.LCD_WR_REG)
    LCD_WindowMax                            0x08001301   Thumb Code    46  107_32_driver_io16_ucosii.o(i.LCD_WindowMax)
    LCD_WriteReg                             0x0800132f   Thumb Code    18  107_32_driver_io16_ucosii.o(i.LCD_WriteReg)
    LED_Configuration                        0x08001341   Thumb Code    72  hw_config.o(i.LED_Configuration)
    MemManage_Handler                        0x0800138d   Thumb Code     2  stm32f10x_it.o(i.MemManage_Handler)
    NMI_Handler                              0x0800138f   Thumb Code     2  stm32f10x_it.o(i.NMI_Handler)
    OSEventNameSet                           0x08001391   Thumb Code   108  os_core.o(i.OSEventNameSet)
    OSInit                                   0x08001401   Thumb Code   296  os_core.o(i.OSInit)
    OSInitHookBegin                          0x08001569   Thumb Code     8  os_cpu_c.o(i.OSInitHookBegin)
    OSInitHookEnd                            0x08001575   Thumb Code     2  os_cpu_c.o(i.OSInitHookEnd)
    OSIntExit                                0x08001579   Thumb Code    82  os_core.o(i.OSIntExit)
    OSSemCreate                              0x080015d5   Thumb Code    64  os_sem.o(i.OSSemCreate)
    OSSemPend                                0x0800161d   Thumb Code   180  os_sem.o(i.OSSemPend)
    OSSemPost                                0x080016dd   Thumb Code    88  os_sem.o(i.OSSemPost)
    OSStart                                  0x08001735   Thumb Code    38  os_core.o(i.OSStart)
    OSTCBInitHook                            0x08001765   Thumb Code     2  os_cpu_c.o(i.OSTCBInitHook)
    OSTaskCreateExt                          0x08001769   Thumb Code   152  os_task.o(i.OSTaskCreateExt)
    OSTaskCreateHook                         0x0800180d   Thumb Code     2  os_cpu_c.o(i.OSTaskCreateHook)
    OSTaskDel                                0x08001811   Thumb Code   276  os_task.o(i.OSTaskDel)
    OSTaskDelHook                            0x0800194d   Thumb Code     2  os_cpu_c.o(i.OSTaskDelHook)
    OSTaskIdleHook                           0x0800194f   Thumb Code     2  os_cpu_c.o(i.OSTaskIdleHook)
    OSTaskNameSet                            0x08001951   Thumb Code   132  os_task.o(i.OSTaskNameSet)
    OSTaskStatHook                           0x080019e1   Thumb Code     2  os_cpu_c.o(i.OSTaskStatHook)
    OSTaskStkChk                             0x080019e5   Thumb Code   128  os_task.o(i.OSTaskStkChk)
    OSTaskStkInit                            0x08001a6d   Thumb Code   116  os_cpu_c.o(i.OSTaskStkInit)
    OSTaskSuspend                            0x08001ae1   Thumb Code   146  os_task.o(i.OSTaskSuspend)
    OSTaskSwHook                             0x08001b85   Thumb Code     2  os_cpu_c.o(i.OSTaskSwHook)
    OSTimeDly                                0x08001b89   Thumb Code    74  os_time.o(i.OSTimeDly)
    OSTimeDlyHMSM                            0x08001be5   Thumb Code   128  os_time.o(i.OSTimeDlyHMSM)
    OSTimeTick                               0x08001c69   Thumb Code   158  os_core.o(i.OSTimeTick)
    OSTimeTickHook                           0x08001d0d   Thumb Code    24  os_cpu_c.o(i.OSTimeTickHook)
    OSTmrSignal                              0x08001d29   Thumb Code     8  os_tmr.o(i.OSTmrSignal)
    OSTmr_Init                               0x08001d35   Thumb Code   190  os_tmr.o(i.OSTmr_Init)
    OS_Dummy                                 0x08001f69   Thumb Code     2  os_core.o(i.OS_Dummy)
    OS_EventTaskRdy                          0x08001f6d   Thumb Code    86  os_core.o(i.OS_EventTaskRdy)
    OS_EventTaskRemove                       0x08001fd1   Thumb Code    32  os_core.o(i.OS_EventTaskRemove)
    OS_EventTaskWait                         0x08001ff1   Thumb Code    68  os_core.o(i.OS_EventTaskWait)
    OS_EventWaitListInit                     0x08002039   Thumb Code    22  os_core.o(i.OS_EventWaitListInit)
    OS_FlagInit                              0x08002051   Thumb Code    66  os_flag.o(i.OS_FlagInit)
    OS_FlagUnlink                            0x0800209d   Thumb Code    32  os_flag.o(i.OS_FlagUnlink)
    OS_MemClr                                0x080020bd   Thumb Code    18  os_core.o(i.OS_MemClr)
    OS_MemInit                               0x080020d1   Thumb Code    58  os_mem.o(i.OS_MemInit)
    OS_QInit                                 0x08002115   Thumb Code    46  os_q.o(i.OS_QInit)
    OS_Sched                                 0x0800214d   Thumb Code    64  os_core.o(i.OS_Sched)
    OS_StrCopy                               0x080021b5   Thumb Code    30  os_core.o(i.OS_StrCopy)
    OS_StrLen                                0x080021d3   Thumb Code    20  os_core.o(i.OS_StrLen)
    OS_TCBInit                               0x080021e9   Thumb Code   210  os_core.o(i.OS_TCBInit)
    OS_TaskIdle                              0x080022c5   Thumb Code    24  os_core.o(i.OS_TaskIdle)
    OS_TaskStat                              0x080022e1   Thumb Code    82  os_core.o(i.OS_TaskStat)
    OS_TaskStatStkChk                        0x08002339   Thumb Code    50  os_core.o(i.OS_TaskStatStkChk)
    OS_TaskStkClr                            0x08002371   Thumb Code    22  os_task.o(i.OS_TaskStkClr)
    RCC_APB2PeriphClockCmd                   0x08002389   Thumb Code    18  stm32f10x_rcc.o(i.RCC_APB2PeriphClockCmd)
    RCC_GetClocksFreq                        0x080023a1   Thumb Code   178  stm32f10x_rcc.o(i.RCC_GetClocksFreq)
    SVC_Handler                              0x08002469   Thumb Code     2  stm32f10x_it.o(i.SVC_Handler)
    Show_temperature                         0x0800253d   Thumb Code   216  app.o(i.Show_temperature)
    SysTick_CLKSourceConfig                  0x08002639   Thumb Code    24  misc.o(i.SysTick_CLKSourceConfig)
    SysTick_Configuration                    0x08002651   Thumb Code    64  hw_config.o(i.SysTick_Configuration)
    SysTick_Handler                          0x08002695   Thumb Code    30  stm32f10x_it.o(i.SysTick_Handler)
    SystemInit                               0x080026b9   Thumb Code    76  system_stm32f10x.o(i.SystemInit)
    USART_Cmd                                0x08002715   Thumb Code    20  stm32f10x_usart.o(i.USART_Cmd)
    USART_Configuration                      0x08002729   Thumb Code   116  hw_config.o(i.USART_Configuration)
    USART_Init                               0x080027a5   Thumb Code   166  stm32f10x_usart.o(i.USART_Init)
    UsageFault_Handler                       0x08002851   Thumb Code     2  stm32f10x_it.o(i.UsageFault_Handler)
    WriteOneHz                               0x08002855   Thumb Code   132  107_32_driver_io16_ucosii.o(i.WriteOneHz)
    __scatterload_copy                       0x080028d9   Thumb Code    14  handlers.o(i.__scatterload_copy)
    __scatterload_null                       0x080028e7   Thumb Code     2  handlers.o(i.__scatterload_null)
    __scatterload_zeroinit                   0x080028e9   Thumb Code    14  handlers.o(i.__scatterload_zeroinit)
    findHzIndex                              0x080028f9   Thumb Code    48  107_32_driver_io16_ucosii.o(i.findHzIndex)
    main                                     0x0800292d   Thumb Code    34  main.o(i.main)
    mypow                                    0x0800294f   Thumb Code    16  107_32_driver_io16_ucosii.o(i.mypow)
    OSUnMapTbl                               0x0800295e   Data         256  os_core.o(.constdata)
    asc2_1206                                0x08002a5e   Data        1140  107_32_driver_io16_ucosii.o(.constdata)
    asc2_1608                                0x08002ed2   Data        1520  107_32_driver_io16_ucosii.o(.constdata)
    GBHZ_16                                  0x080034c2   Data        1904  107_32_driver_io16_ucosii.o(.constdata)
    gImage_fg                                0x08003c32   Data       153600  107_32_driver_io16_ucosii.o(.constdata)
    Region$$Table$$Base                      0x08029434   Number         0  anon$$obj.o(Region$$Table)
    Region$$Table$$Limit                     0x08029454   Number         0  anon$$obj.o(Region$$Table)
    OSCPUUsage                               0x20000014   Data           1  os_core.o(.data)
    OSStatRdy                                0x20000015   Data           1  os_core.o(.data)
    OSIntNesting                             0x20000016   Data           1  os_core.o(.data)
    OSLockNesting                            0x20000017   Data           1  os_core.o(.data)
    OSPrioCur                                0x20000018   Data           1  os_core.o(.data)
    OSPrioHighRdy                            0x20000019   Data           1  os_core.o(.data)
    OSRdyGrp                                 0x2000001a   Data           1  os_core.o(.data)
    OSRunning                                0x2000001b   Data           1  os_core.o(.data)
    OSTaskCtr                                0x2000001c   Data           1  os_core.o(.data)
    OSTickStepState                          0x2000001d   Data           1  os_core.o(.data)
    OSCtxSwCtr                               0x20000020   Data           4  os_core.o(.data)
    OSEventFreeList                          0x20000024   Data           4  os_core.o(.data)
    OSIdleCtrMax                             0x20000028   Data           4  os_core.o(.data)
    OSIdleCtrRun                             0x2000002c   Data           4  os_core.o(.data)
    OSIdleCtr                                0x20000030   Data           4  os_core.o(.data)
    OSTCBCur                                 0x20000034   Data           4  os_core.o(.data)
    OSTCBFreeList                            0x20000038   Data           4  os_core.o(.data)
    OSTCBHighRdy                             0x2000003c   Data           4  os_core.o(.data)
    OSTCBList                                0x20000040   Data           4  os_core.o(.data)
    OSTime                                   0x20000044   Data           4  os_core.o(.data)
    OSRdyTbl                                 0x20000048   Data           8  os_core.o(.data)
    OSFlagFreeList                           0x20000050   Data           4  os_core.o(.data)
    OSMemFreeList                            0x20000054   Data           4  os_core.o(.data)
    OSQFreeList                              0x20000058   Data           4  os_core.o(.data)
    OSTmrFree                                0x2000005c   Data           2  os_core.o(.data)
    OSTmrUsed                                0x2000005e   Data           2  os_core.o(.data)
    OSTmrTime                                0x20000060   Data           4  os_core.o(.data)
    OSTmrSem                                 0x20000064   Data           4  os_core.o(.data)
    OSTmrSemSignal                           0x20000068   Data           4  os_core.o(.data)
    OSTmrFreeList                            0x2000006c   Data           4  os_core.o(.data)
    DeviceCode                               0x20000076   Data           2  107_32_driver_io16_ucosii.o(.data)
    OSEventTbl                               0x20000978   Data         360  os_core.o(.bss)
    OSTaskStatStk                            0x20000ae0   Data         512  os_core.o(.bss)
    OSTaskIdleStk                            0x20000ce0   Data         512  os_core.o(.bss)
    OSTCBPrioTbl                             0x20000ee0   Data         256  os_core.o(.bss)
    OSTCBTbl                                 0x20000fe0   Data        1584  os_core.o(.bss)
    OSFlagTbl                                0x20001610   Data         140  os_core.o(.bss)
    OSMemTbl                                 0x2000169c   Data         180  os_core.o(.bss)
    OSQTbl                                   0x20001750   Data          96  os_core.o(.bss)
    OSTmrTbl                                 0x200017b0   Data         832  os_core.o(.bss)
    OSTmrTaskStk                             0x20001af0   Data         512  os_core.o(.bss)
    OSTmrWheelTbl                            0x20001cf0   Data          64  os_core.o(.bss)
    __initial_sp                             0x20002130   Data           0  startup_stm32f10x_cl.o(STACK)



==============================================================================

Memory Map of the image

  Image Entry point : 0x08000151

  Load Region LR_IROM1 (Base: 0x08000000, Size: 0x000294cc, Max: 0x00040000, ABSOLUTE)

    Execution Region ER_IROM1 (Exec base: 0x08000000, Load base: 0x08000000, Size: 0x00029454, Max: 0x00040000, ABSOLUTE)

    Exec Addr    Load Addr    Size         Type   Attr      Idx    E Section Name        Object

    0x08000000   0x08000000   0x00000150   Data   RO         1291    RESET               startup_stm32f10x_cl.o
    0x08000150   0x08000150   0x00000000   Code   RO         2277  * .ARM.Collect$$$$00000000  mc_w.l(entry.o)
    0x08000150   0x08000150   0x00000004   Code   RO         2300    .ARM.Collect$$$$00000001  mc_w.l(entry2.o)
    0x08000154   0x08000154   0x00000004   Code   RO         2303    .ARM.Collect$$$$00000004  mc_w.l(entry5.o)
    0x08000158   0x08000158   0x00000000   Code   RO         2305    .ARM.Collect$$$$00000008  mc_w.l(entry7b.o)
    0x08000158   0x08000158   0x00000000   Code   RO         2307    .ARM.Collect$$$$0000000A  mc_w.l(entry8b.o)
    0x08000158   0x08000158   0x00000008   Code   RO         2308    .ARM.Collect$$$$0000000B  mc_w.l(entry9a.o)
    0x08000160   0x08000160   0x00000000   Code   RO         2310    .ARM.Collect$$$$0000000D  mc_w.l(entry10a.o)
    0x08000160   0x08000160   0x00000000   Code   RO         2312    .ARM.Collect$$$$0000000F  mc_w.l(entry11a.o)
    0x08000160   0x08000160   0x00000004   Code   RO         2301    .ARM.Collect$$$$00002712  mc_w.l(entry2.o)
    0x08000164   0x08000164   0x00000024   Code   RO         1292    .text               startup_stm32f10x_cl.o
    0x08000188   0x08000188   0x000000a4   Code   RO         2119    .text               os_cpu_a.o
    0x0800022c   0x0800022c   0x000000b0   Code   RO         2280    .text               mf_w.l(fadd.o)
    0x080002dc   0x080002dc   0x00000064   Code   RO         2282    .text               mf_w.l(fmul.o)
    0x08000340   0x08000340   0x0000014e   Code   RO         2284    .text               mf_w.l(dadd.o)
    0x0800048e   0x0800048e   0x000000e4   Code   RO         2286    .text               mf_w.l(dmul.o)
    0x08000572   0x08000572   0x000000de   Code   RO         2288    .text               mf_w.l(ddiv.o)
    0x08000650   0x08000650   0x0000000a   Code   RO         2290    .text               mf_w.l(ffltui.o)
    0x0800065a   0x0800065a   0x0000001a   Code   RO         2292    .text               mf_w.l(dfltui.o)
    0x08000674   0x08000674   0x00000028   Code   RO         2294    .text               mf_w.l(ffixui.o)
    0x0800069c   0x0800069c   0x00000026   Code   RO         2296    .text               mf_w.l(f2d.o)
    0x080006c2   0x080006c2   0x00000038   Code   RO         2298    .text               mf_w.l(d2f.o)
    0x080006fa   0x080006fa   0x0000001e   Code   RO         2314    .text               mc_w.l(llshl.o)
    0x08000718   0x08000718   0x00000024   Code   RO         2316    .text               mc_w.l(llsshr.o)
    0x0800073c   0x0800073c   0x00000000   Code   RO         2318    .text               mc_w.l(iusefp.o)
    0x0800073c   0x0800073c   0x0000006e   Code   RO         2319    .text               mf_w.l(fepilogue.o)
    0x080007aa   0x080007aa   0x000000ba   Code   RO         2321    .text               mf_w.l(depilogue.o)
    0x08000864   0x08000864   0x00000024   Code   RO         2323    .text               mc_w.l(init.o)
    0x08000888   0x08000888   0x00000020   Code   RO         2325    .text               mc_w.l(llushr.o)
    0x080008a8   0x080008a8   0x00000014   Code   RO         1033    i.ADC_Cmd           stm32f10x_adc.o
    0x080008bc   0x080008bc   0x0000007c   Code   RO          156    i.ADC_Configuration  hw_config.o
    0x08000938   0x08000938   0x0000000e   Code   RO         1041    i.ADC_GetCalibrationStatus  stm32f10x_adc.o
    0x08000946   0x08000946   0x00000006   Code   RO         1042    i.ADC_GetConversionValue  stm32f10x_adc.o
    0x0800094c   0x0800094c   0x0000000e   Code   RO         1047    i.ADC_GetResetCalibrationStatus  stm32f10x_adc.o
    0x0800095a   0x0800095a   0x00000002   PAD
    0x0800095c   0x0800095c   0x00000048   Code   RO         1051    i.ADC_Init          stm32f10x_adc.o
    0x080009a4   0x080009a4   0x00000074   Code   RO         1055    i.ADC_RegularChannelConfig  stm32f10x_adc.o
    0x08000a18   0x08000a18   0x0000000a   Code   RO         1056    i.ADC_ResetCalibration  stm32f10x_adc.o
    0x08000a22   0x08000a22   0x00000014   Code   RO         1058    i.ADC_SoftwareStartConvCmd  stm32f10x_adc.o
    0x08000a36   0x08000a36   0x0000000a   Code   RO         1060    i.ADC_StartCalibration  stm32f10x_adc.o
    0x08000a40   0x08000a40   0x0000001c   Code   RO         1062    i.ADC_TempSensorVrefintCmd  stm32f10x_adc.o
    0x08000a5c   0x08000a5c   0x00000030   Code   RO            1    i.AppTask1          main.o
    0x08000a8c   0x08000a8c   0x00000026   Code   RO            2    i.AppTask2          main.o
    0x08000ab2   0x08000ab2   0x00000002   PAD
    0x08000ab4   0x08000ab4   0x00000114   Code   RO            3    i.AppTask3          main.o
    0x08000bc8   0x08000bc8   0x000000bc   Code   RO            4    i.AppTaskCreate     main.o
    0x08000c84   0x08000c84   0x00000002   Code   RO          202    i.BusFault_Handler  stm32f10x_it.o
    0x08000c86   0x08000c86   0x00000002   Code   RO          203    i.DebugMon_Handler  stm32f10x_it.o
    0x08000c88   0x08000c88   0x000000a2   Code   RO          449    i.GPIO_Init         stm32f10x_gpio.o
    0x08000d2a   0x08000d2a   0x00000006   Code   RO          452    i.GPIO_ReadInputData  stm32f10x_gpio.o
    0x08000d30   0x08000d30   0x00000004   Code   RO          456    i.GPIO_ResetBits    stm32f10x_gpio.o
    0x08000d34   0x08000d34   0x00000004   Code   RO          457    i.GPIO_SetBits      stm32f10x_gpio.o
    0x08000d38   0x08000d38   0x00000004   Code   RO          459    i.GPIO_Write        stm32f10x_gpio.o
    0x08000d3c   0x08000d3c   0x00000002   Code   RO          204    i.HardFault_Handler  stm32f10x_it.o
    0x08000d3e   0x08000d3e   0x00000026   Code   RO         2125    i.LCD_Clear         107_32_driver_io16_ucosii.o
    0x08000d64   0x08000d64   0x00000054   Code   RO         2126    i.LCD_Configuration  107_32_driver_io16_ucosii.o
    0x08000db8   0x08000db8   0x0000001c   Code   RO         2127    i.LCD_Delay_10ms    107_32_driver_io16_ucosii.o
    0x08000dd4   0x08000dd4   0x00000094   Code   RO         2128    i.LCD_DrawPicture   107_32_driver_io16_ucosii.o
    0x08000e68   0x08000e68   0x00000168   Code   RO         2130    i.LCD_Init          107_32_driver_io16_ucosii.o
    0x08000fd0   0x08000fd0   0x00000088   Code   RO         2132    i.LCD_ReadReg       107_32_driver_io16_ucosii.o
    0x08001058   0x08001058   0x00000018   Code   RO         2133    i.LCD_SetCursor     107_32_driver_io16_ucosii.o
    0x08001070   0x08001070   0x0000009c   Code   RO         2134    i.LCD_ShowChar      107_32_driver_io16_ucosii.o
    0x0800110c   0x0800110c   0x00000042   Code   RO         2135    i.LCD_ShowCharString  107_32_driver_io16_ucosii.o
    0x0800114e   0x0800114e   0x00000002   PAD
    0x08001150   0x08001150   0x00000050   Code   RO         2136    i.LCD_ShowHzString  107_32_driver_io16_ucosii.o
    0x080011a0   0x080011a0   0x00000072   Code   RO         2137    i.LCD_ShowNum       107_32_driver_io16_ucosii.o
    0x08001212   0x08001212   0x0000003e   Code   RO         2138    i.LCD_ShowString    107_32_driver_io16_ucosii.o
    0x08001250   0x08001250   0x00000058   Code   RO         2139    i.LCD_WR_DATA       107_32_driver_io16_ucosii.o
    0x080012a8   0x080012a8   0x00000058   Code   RO         2140    i.LCD_WR_REG        107_32_driver_io16_ucosii.o
    0x08001300   0x08001300   0x0000002e   Code   RO         2141    i.LCD_WindowMax     107_32_driver_io16_ucosii.o
    0x0800132e   0x0800132e   0x00000012   Code   RO         2144    i.LCD_WriteReg      107_32_driver_io16_ucosii.o
    0x08001340   0x08001340   0x0000004c   Code   RO          157    i.LED_Configuration  hw_config.o
    0x0800138c   0x0800138c   0x00000002   Code   RO          205    i.MemManage_Handler  stm32f10x_it.o
    0x0800138e   0x0800138e   0x00000002   Code   RO          206    i.NMI_Handler       stm32f10x_it.o
    0x08001390   0x08001390   0x00000070   Code   RO         1297    i.OSEventNameSet    os_core.o
    0x08001400   0x08001400   0x00000168   Code   RO         1298    i.OSInit            os_core.o
    0x08001568   0x08001568   0x0000000c   Code   RO         2038    i.OSInitHookBegin   os_cpu_c.o
    0x08001574   0x08001574   0x00000002   Code   RO         2039    i.OSInitHookEnd     os_cpu_c.o
    0x08001576   0x08001576   0x00000002   PAD
    0x08001578   0x08001578   0x0000005c   Code   RO         1300    i.OSIntExit         os_core.o
    0x080015d4   0x080015d4   0x00000048   Code   RO         1781    i.OSSemCreate       os_sem.o
    0x0800161c   0x0800161c   0x000000c0   Code   RO         1783    i.OSSemPend         os_sem.o
    0x080016dc   0x080016dc   0x00000058   Code   RO         1785    i.OSSemPost         os_sem.o
    0x08001734   0x08001734   0x00000030   Code   RO         1303    i.OSStart           os_core.o
    0x08001764   0x08001764   0x00000002   Code   RO         2040    i.OSTCBInitHook     os_cpu_c.o
    0x08001766   0x08001766   0x00000002   PAD
    0x08001768   0x08001768   0x000000a4   Code   RO         1836    i.OSTaskCreateExt   os_task.o
    0x0800180c   0x0800180c   0x00000002   Code   RO         2041    i.OSTaskCreateHook  os_cpu_c.o
    0x0800180e   0x0800180e   0x00000002   PAD
    0x08001810   0x08001810   0x0000013c   Code   RO         1837    i.OSTaskDel         os_task.o
    0x0800194c   0x0800194c   0x00000002   Code   RO         2042    i.OSTaskDelHook     os_cpu_c.o
    0x0800194e   0x0800194e   0x00000002   Code   RO         2043    i.OSTaskIdleHook    os_cpu_c.o
    0x08001950   0x08001950   0x00000090   Code   RO         1840    i.OSTaskNameSet     os_task.o
    0x080019e0   0x080019e0   0x00000002   Code   RO         2044    i.OSTaskStatHook    os_cpu_c.o
    0x080019e2   0x080019e2   0x00000002   PAD
    0x080019e4   0x080019e4   0x00000088   Code   RO         1843    i.OSTaskStkChk      os_task.o
    0x08001a6c   0x08001a6c   0x00000074   Code   RO         2045    i.OSTaskStkInit     os_cpu_c.o
    0x08001ae0   0x08001ae0   0x000000a4   Code   RO         1844    i.OSTaskSuspend     os_task.o
    0x08001b84   0x08001b84   0x00000002   Code   RO         2046    i.OSTaskSwHook      os_cpu_c.o
    0x08001b86   0x08001b86   0x00000002   PAD
    0x08001b88   0x08001b88   0x0000005c   Code   RO         1912    i.OSTimeDly         os_time.o
    0x08001be4   0x08001be4   0x00000084   Code   RO         1913    i.OSTimeDlyHMSM     os_time.o
    0x08001c68   0x08001c68   0x000000a4   Code   RO         1305    i.OSTimeTick        os_core.o
    0x08001d0c   0x08001d0c   0x0000001c   Code   RO         2047    i.OSTimeTickHook    os_cpu_c.o
    0x08001d28   0x08001d28   0x0000000c   Code   RO         1952    i.OSTmrSignal       os_tmr.o
    0x08001d34   0x08001d34   0x00000110   Code   RO         1957    i.OSTmr_Init        os_tmr.o
    0x08001e44   0x08001e44   0x0000004c   Code   RO         1958    i.OSTmr_Link        os_tmr.o
    0x08001e90   0x08001e90   0x00000014   Code   RO         1959    i.OSTmr_Lock        os_tmr.o
    0x08001ea4   0x08001ea4   0x00000078   Code   RO         1960    i.OSTmr_Task        os_tmr.o
    0x08001f1c   0x08001f1c   0x00000040   Code   RO         1961    i.OSTmr_Unlink      os_tmr.o
    0x08001f5c   0x08001f5c   0x0000000c   Code   RO         1962    i.OSTmr_Unlock      os_tmr.o
    0x08001f68   0x08001f68   0x00000002   Code   RO         1307    i.OS_Dummy          os_core.o
    0x08001f6a   0x08001f6a   0x00000002   PAD
    0x08001f6c   0x08001f6c   0x00000064   Code   RO         1308    i.OS_EventTaskRdy   os_core.o
    0x08001fd0   0x08001fd0   0x00000020   Code   RO         1309    i.OS_EventTaskRemove  os_core.o
    0x08001ff0   0x08001ff0   0x00000048   Code   RO         1310    i.OS_EventTaskWait  os_core.o
    0x08002038   0x08002038   0x00000016   Code   RO         1311    i.OS_EventWaitListInit  os_core.o
    0x0800204e   0x0800204e   0x00000002   PAD
    0x08002050   0x08002050   0x0000004c   Code   RO         1487    i.OS_FlagInit       os_flag.o
    0x0800209c   0x0800209c   0x00000020   Code   RO         1489    i.OS_FlagUnlink     os_flag.o
    0x080020bc   0x080020bc   0x00000012   Code   RO         1312    i.OS_MemClr         os_core.o
    0x080020ce   0x080020ce   0x00000002   PAD
    0x080020d0   0x080020d0   0x00000044   Code   RO         1619    i.OS_MemInit        os_mem.o
    0x08002114   0x08002114   0x00000038   Code   RO         1718    i.OS_QInit          os_q.o
    0x0800214c   0x0800214c   0x00000048   Code   RO         1314    i.OS_Sched          os_core.o
    0x08002194   0x08002194   0x00000020   Code   RO         1315    i.OS_SchedNew       os_core.o
    0x080021b4   0x080021b4   0x0000001e   Code   RO         1316    i.OS_StrCopy        os_core.o
    0x080021d2   0x080021d2   0x00000014   Code   RO         1317    i.OS_StrLen         os_core.o
    0x080021e6   0x080021e6   0x00000002   PAD
    0x080021e8   0x080021e8   0x000000dc   Code   RO         1318    i.OS_TCBInit        os_core.o
    0x080022c4   0x080022c4   0x0000001c   Code   RO         1319    i.OS_TaskIdle       os_core.o
    0x080022e0   0x080022e0   0x00000058   Code   RO         1320    i.OS_TaskStat       os_core.o
    0x08002338   0x08002338   0x00000038   Code   RO         1321    i.OS_TaskStatStkChk  os_core.o
    0x08002370   0x08002370   0x00000016   Code   RO         1845    i.OS_TaskStkClr     os_task.o
    0x08002386   0x08002386   0x00000002   PAD
    0x08002388   0x08002388   0x00000018   Code   RO          562    i.RCC_APB2PeriphClockCmd  stm32f10x_rcc.o
    0x080023a0   0x080023a0   0x000000c8   Code   RO          570    i.RCC_GetClocksFreq  stm32f10x_rcc.o
    0x08002468   0x08002468   0x00000002   Code   RO          207    i.SVC_Handler       stm32f10x_it.o
    0x0800246a   0x0800246a   0x00000002   PAD
    0x0800246c   0x0800246c   0x000000d0   Code   RO         1260    i.SetSysClockTo72   system_stm32f10x.o
    0x0800253c   0x0800253c   0x000000fc   Code   RO          259    i.Show_temperature  app.o
    0x08002638   0x08002638   0x00000018   Code   RO          995    i.SysTick_CLKSourceConfig  misc.o
    0x08002650   0x08002650   0x00000044   Code   RO          159    i.SysTick_Configuration  hw_config.o
    0x08002694   0x08002694   0x00000024   Code   RO          208    i.SysTick_Handler   stm32f10x_it.o
    0x080026b8   0x080026b8   0x0000005c   Code   RO         1262    i.SystemInit        system_stm32f10x.o
    0x08002714   0x08002714   0x00000014   Code   RO          815    i.USART_Cmd         stm32f10x_usart.o
    0x08002728   0x08002728   0x0000007c   Code   RO          160    i.USART_Configuration  hw_config.o
    0x080027a4   0x080027a4   0x000000ac   Code   RO          822    i.USART_Init        stm32f10x_usart.o
    0x08002850   0x08002850   0x00000002   Code   RO          209    i.UsageFault_Handler  stm32f10x_it.o
    0x08002852   0x08002852   0x00000002   PAD
    0x08002854   0x08002854   0x00000084   Code   RO         2145    i.WriteOneHz        107_32_driver_io16_ucosii.o
    0x080028d8   0x080028d8   0x0000000e   Code   RO         2329    i.__scatterload_copy  mc_w.l(handlers.o)
    0x080028e6   0x080028e6   0x00000002   Code   RO         2330    i.__scatterload_null  mc_w.l(handlers.o)
    0x080028e8   0x080028e8   0x0000000e   Code   RO         2331    i.__scatterload_zeroinit  mc_w.l(handlers.o)
    0x080028f6   0x080028f6   0x00000002   PAD
    0x080028f8   0x080028f8   0x00000034   Code   RO         2146    i.findHzIndex       107_32_driver_io16_ucosii.o
    0x0800292c   0x0800292c   0x00000022   Code   RO            5    i.main              main.o
    0x0800294e   0x0800294e   0x00000010   Code   RO         2147    i.mypow             107_32_driver_io16_ucosii.o
    0x0800295e   0x0800295e   0x00000100   Data   RO         1329    .constdata          os_core.o
    0x08002a5e   0x08002a5e   0x000011d4   Data   RO         2148    .constdata          107_32_driver_io16_ucosii.o
    0x08003c32   0x08003c32   0x00025800   Data   RO         2149    .constdata          107_32_driver_io16_ucosii.o
    0x08029432   0x08029432   0x00000002   PAD
    0x08029434   0x08029434   0x00000020   Data   RO         2327    Region$$Table       anon$$obj.o


    Execution Region RW_IRAM1 (Exec base: 0x20000000, Load base: 0x08029454, Size: 0x00002130, Max: 0x00010000, ABSOLUTE)

    Exec Addr    Load Addr    Size         Type   Attr      Idx    E Section Name        Object

    0x20000000   0x08029454   0x00000014   Data   RW          598    .data               stm32f10x_rcc.o
    0x20000014   0x08029468   0x0000003c   Data   RW         1330    .data               os_core.o
    0x20000050   0x080294a4   0x00000004   Data   RW         1331    .data               os_core.o
    0x20000054   0x080294a8   0x00000004   Data   RW         1332    .data               os_core.o
    0x20000058   0x080294ac   0x00000004   Data   RW         1333    .data               os_core.o
    0x2000005c   0x080294b0   0x00000002   Data   RW         1334    .data               os_core.o
    0x2000005e   0x080294b2   0x00000002   Data   RW         1335    .data               os_core.o
    0x20000060   0x080294b4   0x00000004   Data   RW         1336    .data               os_core.o
    0x20000064   0x080294b8   0x00000004   Data   RW         1337    .data               os_core.o
    0x20000068   0x080294bc   0x00000004   Data   RW         1338    .data               os_core.o
    0x2000006c   0x080294c0   0x00000004   Data   RW         1339    .data               os_core.o
    0x20000070   0x080294c4   0x00000002   Data   RW         2048    .data               os_cpu_c.o
    0x20000072   0x080294c6   0x00000006   Data   RW         2150    .data               107_32_driver_io16_ucosii.o
    0x20000078        -       0x00000900   Zero   RW            6    .bss                main.o
    0x20000978        -       0x00000c98   Zero   RW         1322    .bss                os_core.o
    0x20001610        -       0x0000008c   Zero   RW         1323    .bss                os_core.o
    0x2000169c        -       0x000000b4   Zero   RW         1324    .bss                os_core.o
    0x20001750        -       0x00000060   Zero   RW         1325    .bss                os_core.o
    0x200017b0        -       0x00000340   Zero   RW         1326    .bss                os_core.o
    0x20001af0        -       0x00000200   Zero   RW         1327    .bss                os_core.o
    0x20001cf0        -       0x00000040   Zero   RW         1328    .bss                os_core.o
    0x20001d30        -       0x00000400   Zero   RW         1289    STACK               startup_stm32f10x_cl.o


==============================================================================

Image component sizes


      Code (inc. data)   RO Data    RW Data    ZI Data      Debug   Object Name

      1736         76     158164          6          0      15976   107_32_driver_io16_ucosii.o
       252         36          0          0          0        591   app.o
         0          0          0          0          0         32   core_cm3.o
       392         22          0          0          0      17697   hw_config.o
       584        170          0          0       2304     275698   main.o
        24          0          0          0          0        618   misc.o
      1568        154        256         92       5048      23483   os_core.o
       164         32          0          0          0        344   os_cpu_a.o
       170          8          0          2          0      16482   os_cpu_c.o
       108         10          0          0          0       1666   os_flag.o
        68         10          0          0          0        597   os_mem.o
        56         10          0          0          0        607   os_q.o
       352         20          0          0          0       2594   os_sem.o
       946         90          0          0          0       5829   os_task.o
       224         22          0          0          0       1596   os_time.o
       576        124          0          0          0       4631   os_tmr.o
        36          8        336          0       1024        872   startup_stm32f10x_cl.o
       310         16          0          0          0       8828   stm32f10x_adc.o
       180          0          0          0          0       4462   stm32f10x_gpio.o
        50          6          0          0          0       3685   stm32f10x_it.o
       224         28          0         20          0       5061   stm32f10x_rcc.o
       192          6          0          0          0       3169   stm32f10x_usart.o
       300         34          0          0          0       1801   system_stm32f10x.o

    ----------------------------------------------------------------------
      8542        882     158790        120       8376     396319   Object Totals
         0          0         32          0          0          0   (incl. Generated)
        30          0          2          0          0          0   (incl. Padding)

    ----------------------------------------------------------------------

      Code (inc. data)   RO Data    RW Data    ZI Data      Debug   Library Member Name

         0          0          0          0          0          0   entry.o
         0          0          0          0          0          0   entry10a.o
         0          0          0          0          0          0   entry11a.o
         8          4          0          0          0          0   entry2.o
         4          0          0          0          0          0   entry5.o
         0          0          0          0          0          0   entry7b.o
         0          0          0          0          0          0   entry8b.o
         8          4          0          0          0          0   entry9a.o
        30          0          0          0          0          0   handlers.o
        36          8          0          0          0         68   init.o
         0          0          0          0          0          0   iusefp.o
        30          0          0          0          0         68   llshl.o
        36          0          0          0          0         68   llsshr.o
        32          0          0          0          0         68   llushr.o
        56          0          0          0          0         88   d2f.o
       334          0          0          0          0        148   dadd.o
       222          0          0          0          0        100   ddiv.o
       186          0          0          0          0        176   depilogue.o
        26          0          0          0          0         76   dfltui.o
       228          0          0          0          0         96   dmul.o
        38          0          0          0          0         68   f2d.o
       176          0          0          0          0        140   fadd.o
       110          0          0          0          0        168   fepilogue.o
        40          0          0          0          0         68   ffixui.o
        10          0          0          0          0         68   ffltui.o
       100          0          0          0          0         76   fmul.o

    ----------------------------------------------------------------------
      1712         16          0          0          0       1544   Library Totals
         2          0          0          0          0          0   (incl. Padding)

    ----------------------------------------------------------------------

      Code (inc. data)   RO Data    RW Data    ZI Data      Debug   Library Name

       184         16          0          0          0        272   mc_w.l
      1526          0          0          0          0       1272   mf_w.l

    ----------------------------------------------------------------------
      1712         16          0          0          0       1544   Library Totals

    ----------------------------------------------------------------------

==============================================================================


      Code (inc. data)   RO Data    RW Data    ZI Data      Debug   

     10254        898     158790        120       8376     391723   Grand Totals
     10254        898     158790        120       8376     391723   ELF Image Totals
     10254        898     158790        120          0          0   ROM Totals

==============================================================================

    Total RO  Size (Code + RO Data)               169044 ( 165.08kB)
    Total RW  Size (RW Data + ZI Data)              8496 (   8.30kB)
    Total ROM Size (Code + RO Data + RW Data)     169164 ( 165.20kB)

==============================================================================

